PASS import_full_dimension_and_two_parity_blocks
PASS saved_Rayleigh_ball_inside_zero_to_5e_minus59
PASS real_odd_plus_imaginary_mass_below_3e_minus60
PASS seven_exact_coefficients_give_raw_norm_sq_above_099
PASS log13_strictly_between_5over2_and_3
PASS exp7_lower_exceeds_960
PASS sqrt13_upper_and_exp1_lower
PASS h_max_bound_11over10
PASS sqrt_lower_2_valid
PASS sqrt_lower_3_valid
PASS sqrt_lower_4_valid
PASS sqrt_lower_5_valid
PASS sqrt_lower_7_valid
PASS sqrt_lower_8_valid
PASS sqrt_lower_9_valid
PASS sqrt_lower_11_valid
PASS weighted_prime_sum_below_8over5
PASS trace_K_upper_14911over5
PASS positive_penalty_trace_implies_K_upper_3000
PASS cache_transfer_strict_lower_exceeds_8e_minus58
PASS transfer_uses_squared_mass_not_amplitude
PASS real_parity_energy_identity
PASS complex_overlap_loss_bounded_by_discarded_mass
PASS plant_missing_commutation_rejected
PASS plant_Hermitian_but_not_real_rejected
PASS plant_omitted_angular_loss_rejected
PASS zero_defect_recovers_old_margin
CACHE_TRANSFER_LOWER 8.56060606060606060606060606060606060606060606E-58
ALL_EXACT_CHECKS_PASSED 27
PAPER_TRANSFER_COMPLETE; OLD_ARB_IMPORTED_NOT_RERUN; ANALYTIC_SOURCE_OPEN; LEAN_NOT_RUN
