long scan: T0=14.0 N0=20 theta0=0.718731496731 sigma=1/64 T=2000.0..4000.0 step 0.25 (8001 points) dps 120 workers 8
[1/321] 0% | ETA 1789m46s | coarse up to T=2049.75 h=9.00968296
[2/321] 0% | ETA 892m56s | coarse up to T=2037.25 h=1.34627550
[3/321] 0% | ETA 593m36s | coarse up to T=2006.0 h=2.13477314
[4/321] 1% | ETA 443m50s | coarse up to T=2043.5 h=2.39545548
[5/321] 1% | ETA 354m02s | coarse up to T=2018.5 h=2.36963793
[6/321] 1% | ETA 294m10s | coarse up to T=2024.75 h=5.69781587
[7/321] 2% | ETA 251m43s | coarse up to T=2012.25 h=7.60816276
[8/321] 2% | ETA 219m53s | coarse up to T=2031.0 h=2.31437076
[9/321] 2% | ETA 390m56s | coarse up to T=2087.25 h=1.17762105
[10/321] 3% | ETA 350m46s | coarse up to T=2074.75 h=4.70994380
[11/321] 3% | ETA 317m54s | coarse up to T=2081.0 h=1.62319154
[12/321] 3% | ETA 290m37s | coarse up to T=2056.0 h=1.29004033
[13/321] 4% | ETA 267m25s | coarse up to T=2068.5 h=8.72359154
[14/321] 4% | ETA 247m32s | coarse up to T=2062.25 h=4.81914433
[15/321] 4% | ETA 230m31s | coarse up to T=2093.5 h=5.57707274
[16/321] 4% | ETA 215m39s | coarse up to T=2099.75 h=4.44139034
[17/321] 5% | ETA 301m04s | coarse up to T=2106.0 h=7.08937266
[18/321] 5% | ETA 283m26s | coarse up to T=2131.0 h=6.22098511
[19/321] 5% | ETA 267m39s | coarse up to T=2124.75 h=1.48293725
[20/321] 6% | ETA 253m29s | coarse up to T=2137.25 h=2.33580247
[21/321] 6% | ETA 240m37s | coarse up to T=2118.5 h=2.18474941
[22/321] 6% | ETA 228m56s | coarse up to T=2112.25 h=6.44433585
[23/321] 7% | ETA 218m27s | coarse up to T=2143.5 h=5.60760653
[24/321] 7% | ETA 208m50s | coarse up to T=2149.75 h=4.37291232
[25/321] 7% | ETA 262m19s | coarse up to T=2199.75 h=8.83398241
[26/321] 8% | ETA 252m39s | coarse up to T=2156.0 h=6.88188223
[27/321] 8% | ETA 242m28s | coarse up to T=2162.25 h=1.29677817
[28/321] 8% | ETA 233m01s | coarse up to T=2181.0 h=2.08193063
[29/321] 9% | ETA 224m13s | coarse up to T=2168.5 h=4.46408980
[30/321] 9% | ETA 216m01s | coarse up to T=2187.25 h=2.26784926
[31/321] 9% | ETA 208m26s | coarse up to T=2174.75 h=1.00181501
[32/321] 9% | ETA 201m16s | coarse up to T=2193.5 h=1.58461537
[33/321] 10% | ETA 237m32s | coarse up to T=2206.0 h=1.11253406
[34/321] 10% | ETA 229m59s | coarse up to T=2212.25 h=3.66917317
[35/321] 10% | ETA 222m40s | coarse up to T=2224.75 h=5.86533876
[36/321] 11% | ETA 215m44s | coarse up to T=2218.5 h=7.01080064
[37/321] 11% | ETA 209m11s | coarse up to T=2237.25 h=2.19335284
[38/321] 11% | ETA 202m59s | coarse up to T=2231.0 h=4.35084385
[39/321] 12% | ETA 197m08s | coarse up to T=2249.75 h=1.75449661
[40/321] 12% | ETA 191m31s | coarse up to T=2243.5 h=1.43373718
[41/321] 12% | ETA 219m51s | coarse up to T=2256.0 h=2.46975231
[42/321] 13% | ETA 214m00s | coarse up to T=2262.25 h=9.71205865
[43/321] 13% | ETA 208m17s | coarse up to T=2268.5 h=3.85882904
[44/321] 13% | ETA 202m51s | coarse up to T=2287.25 h=9.74323041
[45/321] 14% | ETA 197m39s | coarse up to T=2274.75 h=5.04789111
[46/321] 14% | ETA 192m40s | coarse up to T=2293.5 h=2.17558836
[47/321] 14% | ETA 187m56s | coarse up to T=2299.75 h=3.48585392
[48/321] 14% | ETA 183m21s | coarse up to T=2281.0 h=2.30070760
[49/321] 15% | ETA 206m19s | coarse up to T=2306.0 h=6.42324290
[50/321] 15% | ETA 201m33s | coarse up to T=2312.25 h=1.47116811
[51/321] 15% | ETA 196m53s | coarse up to T=2324.75 h=4.99569147
[52/321] 16% | ETA 192m24s | coarse up to T=2337.25 h=7.80762397
[53/321] 16% | ETA 188m04s | coarse up to T=2318.5 h=2.75883896
[54/321] 16% | ETA 183m55s | coarse up to T=2349.75 h=2.95328211
[55/321] 17% | ETA 179m54s | coarse up to T=2331.0 h=1.42121677
[56/321] 17% | ETA 176m05s | coarse up to T=2343.5 h=1.14013195
[57/321] 17% | ETA 194m43s | coarse up to T=2356.0 h=3.51161276
[58/321] 18% | ETA 190m41s | coarse up to T=2362.25 h=6.80600743
[59/321] 18% | ETA 186m46s | coarse up to T=2368.5 h=3.42371065
[60/321] 18% | ETA 182m58s | coarse up to T=2381.0 h=4.09731161
[61/321] 19% | ETA 179m17s | coarse up to T=2374.75 h=4.47672148
[62/321] 19% | ETA 175m43s | coarse up to T=2387.25 h=5.77251374
[63/321] 19% | ETA 172m17s | coarse up to T=2393.5 h=6.33072528
[64/321] 19% | ETA 168m59s | coarse up to T=2399.75 h=4.04793170
[65/321] 20% | ETA 181m24s | coarse up to T=2449.75 h=6.66053615
[66/321] 20% | ETA 178m56s | coarse up to T=2443.5 h=7.58602188
[67/321] 20% | ETA 175m43s | coarse up to T=2406.0 h=3.00419662
[68/321] 21% | ETA 172m28s | coarse up to T=2412.25 h=1.50793286
[69/321] 21% | ETA 169m19s | coarse up to T=2418.5 h=4.65126909
[70/321] 21% | ETA 166m14s | coarse up to T=2424.75 h=2.21176734
[71/321] 22% | ETA 163m16s | coarse up to T=2437.25 h=1.66731777
[72/321] 22% | ETA 160m21s | coarse up to T=2431.0 h=2.22900687
[73/321] 22% | ETA 169m42s | coarse up to T=2456.0 h=1.22882398
[74/321] 23% | ETA 167m34s | coarse up to T=2462.25 h=5.89957546
[75/321] 23% | ETA 164m47s | coarse up to T=2468.5 h=7.07493608
[76/321] 23% | ETA 161m58s | coarse up to T=2474.75 h=4.09167338
[77/321] 23% | ETA 159m13s | coarse up to T=2481.0 h=2.86994136
[78/321] 24% | ETA 156m33s | coarse up to T=2487.25 h=3.16745921
[79/321] 24% | ETA 153m58s | coarse up to T=2493.5 h=9.98830276
[80/321] 24% | ETA 151m25s | coarse up to T=2499.75 h=1.53144049
[81/321] 25% | ETA 159m31s | coarse up to T=2506.0 h=6.34913327
[82/321] 25% | ETA 157m38s | coarse up to T=2512.25 h=3.28650103
[83/321] 25% | ETA 155m12s | coarse up to T=2524.75 h=2.17577997
[84/321] 26% | ETA 152m43s | coarse up to T=2518.5 h=3.08124203
[85/321] 26% | ETA 150m18s | coarse up to T=2537.25 h=8.54952339
[86/321] 26% | ETA 147m56s | coarse up to T=2531.0 h=4.36523432
[87/321] 27% | ETA 145m39s | coarse up to T=2549.75 h=1.06430568
[88/321] 27% | ETA 143m22s | coarse up to T=2543.5 h=4.04817045
[89/321] 27% | ETA 150m28s | coarse up to T=2556.0 h=2.08379901
[90/321] 28% | ETA 148m47s | coarse up to T=2562.25 h=2.38134818
[91/321] 28% | ETA 146m38s | coarse up to T=2568.5 h=1.49356077
[92/321] 28% | ETA 144m25s | coarse up to T=2574.75 h=2.33109131
[93/321] 28% | ETA 142m15s | coarse up to T=2581.0 h=3.35586299
[94/321] 29% | ETA 140m08s | coarse up to T=2587.25 h=3.50223125
[95/321] 29% | ETA 138m05s | coarse up to T=2599.75 h=8.85128354
[96/321] 29% | ETA 136m03s | coarse up to T=2593.5 h=1.00708497
[97/321] 30% | ETA 142m19s | coarse up to T=2606.0 h=8.99523175
[98/321] 30% | ETA 140m47s | coarse up to T=2612.25 h=5.88297383
[99/321] 30% | ETA 138m51s | coarse up to T=2618.5 h=4.23520149
[100/321] 31% | ETA 136m52s | coarse up to T=2631.0 h=1.60606091
[101/321] 31% | ETA 134m54s | coarse up to T=2624.75 h=4.46660613
[102/321] 31% | ETA 132m58s | coarse up to T=2637.25 h=6.48961805
[103/321] 32% | ETA 131m06s | coarse up to T=2643.5 h=1.02507129
[104/321] 32% | ETA 129m16s | coarse up to T=2649.75 h=1.63292573
[105/321] 32% | ETA 134m49s | coarse up to T=2656.0 h=2.35166682
[106/321] 33% | ETA 133m25s | coarse up to T=2662.25 h=6.22679529
[107/321] 33% | ETA 131m40s | coarse up to T=2668.5 h=2.68491407
[108/321] 33% | ETA 129m51s | coarse up to T=2674.75 h=1.76590134
[109/321] 33% | ETA 128m04s | coarse up to T=2687.25 h=9.53590537
[110/321] 34% | ETA 126m18s | coarse up to T=2681.0 h=2.41934915
[111/321] 34% | ETA 124m35s | coarse up to T=2693.5 h=5.90110143
[112/321] 34% | ETA 122m55s | coarse up to T=2699.75 h=1.27673555
[113/321] 35% | ETA 127m50s | coarse up to T=2706.0 h=3.65201671
[114/321] 35% | ETA 126m32s | coarse up to T=2712.25 h=2.82094313
[115/321] 35% | ETA 124m57s | coarse up to T=2718.5 h=1.39337098
[116/321] 36% | ETA 123m16s | coarse up to T=2724.75 h=2.48965626
[117/321] 36% | ETA 121m38s | coarse up to T=2731.0 h=5.38465505
[118/321] 36% | ETA 120m01s | coarse up to T=2737.25 h=3.96270192
[119/321] 37% | ETA 118m26s | coarse up to T=2743.5 h=3.60137264
[120/321] 37% | ETA 116m54s | coarse up to T=2749.75 h=9.78394053
[121/321] 37% | ETA 121m16s | coarse up to T=2756.0 h=1.97271731
[122/321] 38% | ETA 120m04s | coarse up to T=2762.25 h=2.15394965
[123/321] 38% | ETA 118m35s | coarse up to T=2774.75 h=1.23014202
[124/321] 38% | ETA 117m02s | coarse up to T=2768.5 h=4.76050894
[125/321] 38% | ETA 115m32s | coarse up to T=2781.0 h=1.52869122
[126/321] 39% | ETA 114m03s | coarse up to T=2787.25 h=7.82043235
[127/321] 39% | ETA 112m35s | coarse up to T=2793.5 h=5.17488094
[128/321] 39% | ETA 111m09s | coarse up to T=2799.75 h=6.52882304
[129/321] 40% | ETA 115m03s | coarse up to T=2806.0 h=8.58158705
[130/321] 40% | ETA 113m54s | coarse up to T=2812.25 h=1.59031524
[131/321] 40% | ETA 112m32s | coarse up to T=2818.5 h=3.80495231
[132/321] 41% | ETA 111m06s | coarse up to T=2824.75 h=2.65890424
[133/321] 41% | ETA 109m43s | coarse up to T=2831.0 h=3.41378672
[134/321] 41% | ETA 108m19s | coarse up to T=2837.25 h=5.25695589
[135/321] 42% | ETA 106m57s | coarse up to T=2843.5 h=-6.8395778
[136/321] 42% | ETA 105m38s | coarse up to T=2849.75 h=-3.5060385
[137/321] 42% | ETA 109m05s | coarse up to T=2856.0 h=-9.0916245
[138/321] 42% | ETA 108m01s | coarse up to T=2862.25 h=-8.2404288
[139/321] 43% | ETA 106m44s | coarse up to T=2868.5 h=-5.0811907
[140/321] 43% | ETA 105m24s | coarse up to T=2874.75 h=-8.3975253
[141/321] 43% | ETA 104m06s | coarse up to T=2881.0 h=-2.1318968
[142/321] 44% | ETA 102m49s | coarse up to T=2887.25 h=-1.1893147
[143/321] 44% | ETA 101m32s | coarse up to T=2893.5 h=-3.8291926
[144/321] 44% | ETA 100m17s | coarse up to T=2899.75 h=2.55091809
[145/321] 45% | ETA 103m22s | coarse up to T=2906.0 h=7.11067550
[146/321] 45% | ETA 102m22s | coarse up to T=2912.25 h=3.76589755
[147/321] 45% | ETA 101m09s | coarse up to T=2918.5 h=2.46226421
[148/321] 46% | ETA 99m54s | coarse up to T=2924.75 h=1.16189494
[149/321] 46% | ETA 98m41s | coarse up to T=2931.0 h=7.89739972
[150/321] 46% | ETA 97m29s | coarse up to T=2943.5 h=3.54095702
[151/321] 47% | ETA 96m16s | coarse up to T=2937.25 h=1.25551894
[152/321] 47% | ETA 95m06s | coarse up to T=2949.75 h=6.57961000
[153/321] 47% | ETA 97m51s | coarse up to T=2956.0 h=1.43934246
[154/321] 47% | ETA 96m53s | coarse up to T=2962.25 h=-5.5420550
[155/321] 48% | ETA 95m45s | coarse up to T=2968.5 h=-1.9730626
[156/321] 48% | ETA 94m34s | coarse up to T=2974.75 h=-3.2781380
[157/321] 48% | ETA 93m26s | coarse up to T=2981.0 h=-3.2538230
[158/321] 49% | ETA 92m17s | coarse up to T=2987.25 h=-1.5856824
[159/321] 49% | ETA 91m09s | coarse up to T=2993.5 h=-1.3995977
[160/321] 49% | ETA 90m03s | coarse up to T=2999.75 h=-2.9090310
[161/321] 50% | ETA 92m30s | coarse up to T=3006.0 h=5.16324587
[162/321] 50% | ETA 91m35s | coarse up to T=3012.25 h=4.95921937
[163/321] 50% | ETA 90m31s | coarse up to T=3018.5 h=1.51642561
[164/321] 51% | ETA 89m24s | coarse up to T=3024.75 h=7.36395849
[165/321] 51% | ETA 88m19s | coarse up to T=3031.0 h=6.09499398
[166/321] 51% | ETA 87m14s | coarse up to T=3037.25 h=8.85582883
[167/321] 52% | ETA 86m10s | coarse up to T=3043.5 h=1.39978783
[168/321] 52% | ETA 85m07s | coarse up to T=3049.75 h=2.22995497
[169/321] 52% | ETA 87m17s | coarse up to T=3056.0 h=1.26912528
[170/321] 52% | ETA 86m24s | coarse up to T=3062.25 h=2.36557814
[171/321] 53% | ETA 85m23s | coarse up to T=3068.5 h=9.08452728
[172/321] 53% | ETA 84m20s | coarse up to T=3074.75 h=9.16488466
[173/321] 53% | ETA 83m18s | coarse up to T=3081.0 h=1.97409712
[174/321] 54% | ETA 82m17s | coarse up to T=3087.25 h=2.31144455
[175/321] 54% | ETA 81m16s | coarse up to T=3093.5 h=2.03724448
[176/321] 54% | ETA 80m17s | coarse up to T=3099.75 h=2.83165221
[177/321] 55% | ETA 82m10s | coarse up to T=3106.0 h=1.62661518
[178/321] 55% | ETA 81m20s | coarse up to T=3112.25 h=9.91595862
[179/321] 55% | ETA 80m22s | coarse up to T=3118.5 h=7.23185340
[180/321] 56% | ETA 79m22s | coarse up to T=3124.75 h=-1.4468734
[181/321] 56% | ETA 78m23s | coarse up to T=3131.0 h=-3.0154006
[182/321] 56% | ETA 77m25s | coarse up to T=3137.25 h=-5.1739427
[183/321] 57% | ETA 76m28s | coarse up to T=3143.5 h=-7.7980073
[184/321] 57% | ETA 75m31s | coarse up to T=3149.75 h=-1.1260505
[185/321] 57% | ETA 77m11s | coarse up to T=3156.0 h=-1.5802234
[186/321] 57% | ETA 76m22s | coarse up to T=3162.25 h=-2.1425120
[187/321] 58% | ETA 75m27s | coarse up to T=3168.5 h=-2.8834577
[188/321] 58% | ETA 74m29s | coarse up to T=3174.75 h=-3.8124922
[189/321] 58% | ETA 73m34s | coarse up to T=3181.0 h=-4.9848724
[190/321] 59% | ETA 72m38s | coarse up to T=3187.25 h=-6.4599697
[191/321] 59% | ETA 71m44s | coarse up to T=3193.5 h=-8.3006024
[192/321] 59% | ETA 70m49s | coarse up to T=3199.75 h=-1.0599070
[193/321] 60% | ETA 72m16s | coarse up to T=3206.0 h=-1.3453777
[194/321] 60% | ETA 71m29s | coarse up to T=3212.25 h=-1.6999671
[195/321] 60% | ETA 70m36s | coarse up to T=3218.5 h=-2.1393721
[196/321] 61% | ETA 69m42s | coarse up to T=3224.75 h=-2.6827824
[197/321] 61% | ETA 68m49s | coarse up to T=3231.0 h=-3.3541433
[198/321] 61% | ETA 67m55s | coarse up to T=3237.25 h=-4.1819908
[199/321] 61% | ETA 67m03s | coarse up to T=3243.5 h=-5.2017602
[200/321] 62% | ETA 66m11s | coarse up to T=3249.75 h=-6.4562219
[201/321] 62% | ETA 67m26s | coarse up to T=3256.0 h=-7.9978514
[202/321] 62% | ETA 66m41s | coarse up to T=3262.25 h=-9.8906292
[203/321] 63% | ETA 65m50s | coarse up to T=3268.5 h=-1.2212414
[204/321] 63% | ETA 64m58s | coarse up to T=3274.75 h=-1.5058313
[205/321] 63% | ETA 64m07s | coarse up to T=3281.0 h=-1.8544094
[206/321] 64% | ETA 63m16s | coarse up to T=3287.25 h=-2.2810902
[207/321] 64% | ETA 62m27s | coarse up to T=3293.5 h=-2.8030608
[208/321] 64% | ETA 61m36s | coarse up to T=3299.75 h=-3.4412564
[209/321] 65% | ETA 62m41s | coarse up to T=3306.0 h=-4.2211764
[210/321] 65% | ETA 61m57s | coarse up to T=3312.25 h=-5.1738618
[211/321] 65% | ETA 61m08s | coarse up to T=3318.5 h=-6.3371136
[212/321] 66% | ETA 60m18s | coarse up to T=3324.75 h=-7.7569448
[213/321] 66% | ETA 59m29s | coarse up to T=3331.0 h=-9.4893696
[214/321] 66% | ETA 58m40s | coarse up to T=3337.25 h=-1.1602565
[215/321] 66% | ETA 57m53s | coarse up to T=3343.5 h=-1.4179510
[216/321] 67% | ETA 57m04s | coarse up to T=3349.75 h=-1.7321194
[217/321] 67% | ETA 57m59s | coarse up to T=3356.0 h=-2.1150518
[218/321] 67% | ETA 57m16s | coarse up to T=3362.25 h=-2.5817050
[219/321] 68% | ETA 56m29s | coarse up to T=3368.5 h=-3.1502796
[220/321] 68% | ETA 55m41s | coarse up to T=3374.75 h=-3.8429245
[221/321] 68% | ETA 54m54s | coarse up to T=3381.0 h=-4.6865922
[222/321] 69% | ETA 54m07s | coarse up to T=3387.25 h=-5.7140811
[223/321] 69% | ETA 53m21s | coarse up to T=3393.5 h=-6.9653035
[224/321] 69% | ETA 52m35s | coarse up to T=3399.75 h=-8.4888293
[225/321] 70% | ETA 53m20s | coarse up to T=3406.0 h=-1.0343765
[226/321] 70% | ETA 52m38s | coarse up to T=3412.25 h=-1.2602043
[227/321] 70% | ETA 51m53s | coarse up to T=3418.5 h=-1.5351203
[228/321] 71% | ETA 51m08s | coarse up to T=3424.75 h=-1.8697787
[229/321] 71% | ETA 50m22s | coarse up to T=3431.0 h=-2.2771469
[230/321] 71% | ETA 49m37s | coarse up to T=3437.25 h=-2.7730078
[231/321] 71% | ETA 48m53s | coarse up to T=3443.5 h=-3.3765730
[232/321] 72% | ETA 48m08s | coarse up to T=3449.75 h=-4.1112281
[233/321] 72% | ETA 48m44s | coarse up to T=3456.0 h=-5.0054417
[234/321] 72% | ETA 48m03s | coarse up to T=3462.25 h=-6.0938719
[235/321] 73% | ETA 47m20s | coarse up to T=3468.5 h=-7.4187147
[236/321] 73% | ETA 46m36s | coarse up to T=3474.75 h=-9.0313472
[237/321] 73% | ETA 45m52s | coarse up to T=3481.0 h=-1.0994328
[238/321] 74% | ETA 45m08s | coarse up to T=3487.25 h=-1.3383841
[239/321] 74% | ETA 44m26s | coarse up to T=3493.5 h=-1.6292661
[240/321] 74% | ETA 43m42s | coarse up to T=3499.75 h=-1.9833783
[241/321] 75% | ETA 44m11s | coarse up to T=3506.0 h=-2.4144838
[242/321] 75% | ETA 43m31s | coarse up to T=3512.25 h=-2.9393476
[243/321] 75% | ETA 42m49s | coarse up to T=3518.5 h=-3.5783931
[244/321] 76% | ETA 42m06s | coarse up to T=3524.75 h=-4.3565024
[245/321] 76% | ETA 41m24s | coarse up to T=3531.0 h=-5.3039925
[246/321] 76% | ETA 40m42s | coarse up to T=3537.25 h=-6.4578056
[247/321] 76% | ETA 40m01s | coarse up to T=3543.5 h=-7.8629602
[248/321] 77% | ETA 39m19s | coarse up to T=3549.75 h=-9.5743226
[249/321] 77% | ETA 39m39s | coarse up to T=3556.0 h=-1.1658766
[250/321] 77% | ETA 39m00s | coarse up to T=3562.25 h=-1.4197808
[251/321] 78% | ETA 38m20s | coarse up to T=3568.5 h=-1.7290821
[252/321] 78% | ETA 37m38s | coarse up to T=3574.75 h=-2.1058962
[253/321] 78% | ETA 36m57s | coarse up to T=3581.0 h=-2.5649956
[254/321] 79% | ETA 36m17s | coarse up to T=3587.25 h=-3.1243941
[255/321] 79% | ETA 35m37s | coarse up to T=3593.5 h=-3.8060601
[256/321] 79% | ETA 34m56s | coarse up to T=3599.75 h=-4.6367872
[257/321] 80% | ETA 35m10s | coarse up to T=3606.0 h=-5.6492574
[258/321] 80% | ETA 34m32s | coarse up to T=3612.25 h=-6.8833389
[259/321] 80% | ETA 33m52s | coarse up to T=3618.5 h=-8.3876708
[260/321] 80% | ETA 33m12s | coarse up to T=3624.75 h=-1.0221598
[261/321] 81% | ETA 32m33s | coarse up to T=3631.0 h=-1.2457538
[262/321] 81% | ETA 31m53s | coarse up to T=3637.25 h=-1.5183862
[263/321] 81% | ETA 31m15s | coarse up to T=3643.5 h=-1.8508429
[264/321] 82% | ETA 30m35s | coarse up to T=3649.75 h=-2.2562890
[265/321] 82% | ETA 30m42s | coarse up to T=3656.0 h=-2.7507952
[266/321] 82% | ETA 30m05s | coarse up to T=3662.25 h=-3.3539815
[267/321] 83% | ETA 29m26s | coarse up to T=3668.5 h=-4.0898032
[268/321] 83% | ETA 28m48s | coarse up to T=3674.75 h=-4.9875115
[269/321] 83% | ETA 28m09s | coarse up to T=3681.0 h=-6.0828280
[270/321] 84% | ETA 27m31s | coarse up to T=3687.25 h=-7.4193805
[271/321] 84% | ETA 26m53s | coarse up to T=3699.75 h=-1.1041156
[272/321] 84% | ETA 26m15s | coarse up to T=3693.5 h=-9.0504579
[273/321] 85% | ETA 26m15s | coarse up to T=3706.0 h=-1.3471001
[274/321] 85% | ETA 25m39s | coarse up to T=3712.25 h=-1.6437160
[275/321] 85% | ETA 25m02s | coarse up to T=3718.5 h=-2.0058364
[276/321] 85% | ETA 24m24s | coarse up to T=3724.75 h=-2.4479704
[277/321] 86% | ETA 23m47s | coarse up to T=3731.0 h=-2.9878512
[278/321] 86% | ETA 23m10s | coarse up to T=3737.25 h=-3.6471535
[279/321] 86% | ETA 22m33s | coarse up to T=3743.5 h=-4.4523725
[280/321] 87% | ETA 21m56s | coarse up to T=3749.75 h=-5.4358997
[281/321] 87% | ETA 21m50s | coarse up to T=3756.0 h=-6.6373382
[282/321] 87% | ETA 21m15s | coarse up to T=3762.25 h=-8.1051134
[283/321] 88% | ETA 20m38s | coarse up to T=3768.5 h=-9.8984438
[284/321] 88% | ETA 20m02s | coarse up to T=3774.75 h=-1.2089754
[285/321] 88% | ETA 19m26s | coarse up to T=3781.0 h=-1.4767628
[286/321] 89% | ETA 18m49s | coarse up to T=3787.25 h=-1.8040425
[287/321] 89% | ETA 18m14s | coarse up to T=3793.5 h=-2.2040708
[288/321] 89% | ETA 17m38s | coarse up to T=3799.75 h=-2.6930661
[289/321] 90% | ETA 17m26s | coarse up to T=3806.0 h=-3.2908735
[290/321] 90% | ETA 16m51s | coarse up to T=3812.25 h=-4.0217771
[291/321] 90% | ETA 16m16s | coarse up to T=3818.5 h=-4.9154966
[292/321] 90% | ETA 15m41s | coarse up to T=3824.75 h=-6.0084069
[293/321] 91% | ETA 15m05s | coarse up to T=3831.0 h=-7.3450327
[294/321] 91% | ETA 14m30s | coarse up to T=3837.25 h=-8.9798796
[295/321] 91% | ETA 13m55s | coarse up to T=3843.5 h=-1.0979677
[296/321] 92% | ETA 13m21s | coarse up to T=3849.75 h=-1.3426130
[297/321] 92% | ETA 13m03s | coarse up to T=3856.0 h=-1.6419284
[298/321] 92% | ETA 12m29s | coarse up to T=3862.25 h=-2.0081658
[299/321] 93% | ETA 11m55s | coarse up to T=3868.5 h=-2.4563306
[300/321] 93% | ETA 11m20s | coarse up to T=3874.75 h=-3.0048016
[301/321] 93% | ETA 10m46s | coarse up to T=3881.0 h=-3.6760923
[302/321] 94% | ETA 10m11s | coarse up to T=3887.25 h=-4.4977831
[303/321] 94% | ETA 9m38s | coarse up to T=3893.5 h=-5.5036647
[304/321] 94% | ETA 9m04s | coarse up to T=3899.75 h=-6.7351401
[305/321] 95% | ETA 8m41s | coarse up to T=3906.0 h=-8.2429445
[306/321] 95% | ETA 8m08s | coarse up to T=3912.25 h=-1.0089253
[307/321] 95% | ETA 7m34s | coarse up to T=3918.5 h=-1.2350269
[308/321] 95% | ETA 7m00s | coarse up to T=3924.75 h=-1.5119397
[309/321] 96% | ETA 6m27s | coarse up to T=3931.0 h=-1.8511130
[310/321] 96% | ETA 5m53s | coarse up to T=3937.25 h=-2.2665832
[311/321] 96% | ETA 5m20s | coarse up to T=3943.5 h=-2.7755594
[312/321] 97% | ETA 4m47s | coarse up to T=3949.75 h=-3.3991422
[313/321] 97% | ETA 4m20s | coarse up to T=3956.0 h=-4.1632059
[314/321] 97% | ETA 3m47s | coarse up to T=4000.0 h=-1.2035677
[315/321] 98% | ETA 3m14s | coarse up to T=3962.25 h=-5.0994819
[316/321] 98% | ETA 2m41s | coarse up to T=3968.5 h=-6.2468868
[317/321] 98% | ETA 2m08s | coarse up to T=3974.75 h=-7.6531540
[318/321] 99% | ETA 1m36s | coarse up to T=3981.0 h=-9.3768361
[319/321] 99% | ETA 1m04s | coarse up to T=3987.25 h=-1.1489763
[320/321] 99% | ETA 0m31s | coarse up to T=3993.5 h=-1.4080060
[321/321] 100% | ETA 0m00s | coarse up to T=3999.75 h=-1.7255853
[1/4] 25% | ETA 2m51s | fine up to T=2796.5 h=4.70635420
[2/4] 50% | ETA 3m54s | fine up to T=2794.95 h=3.53012512
[3/4] 75% | ETA 1m18s | fine up to T=2796.2 h=8.94554658
[4/4] 100% | ETA 0m00s | fine up to T=2793.7 h=2.83488961
coarse negatives 3956; T_flip=2794.4 Delta_T=2780.4
written long_flip_T14.json
exit 0
