long scan: T0=14.0 N0=20 theta0=0.718731496731 sigma=1/64 T=14.0..414.0 step 0.05 (8001 points) dps 50 workers 6
[1/321] 0% | ETA 223m58s | coarse up to T=16.45 h=8.40480590
[2/321] 0% | ETA 111m39s | coarse up to T=21.45 h=1.03361084
[3/321] 0% | ETA 74m54s | coarse up to T=18.95 h=3.94548305
[4/321] 1% | ETA 56m43s | coarse up to T=20.2 h=6.74489401
[5/321] 1% | ETA 45m16s | coarse up to T=15.2 h=3.49479038
[6/321] 1% | ETA 37m43s | coarse up to T=17.7 h=1.94328620
[7/321] 2% | ETA 63m58s | coarse up to T=25.2 h=8.01610201
[8/321] 2% | ETA 56m01s | coarse up to T=28.95 h=5.24009390
[9/321] 2% | ETA 49m41s | coarse up to T=22.7 h=1.71764363
[10/321] 3% | ETA 44m39s | coarse up to T=23.95 h=3.50917533
[11/321] 3% | ETA 40m31s | coarse up to T=26.45 h=1.80075478
[12/321] 3% | ETA 37m04s | coarse up to T=27.7 h=3.51467860
[13/321] 4% | ETA 49m51s | coarse up to T=30.2 h=5.58259233
[14/321] 4% | ETA 46m13s | coarse up to T=33.95 h=3.86597343
[15/321] 4% | ETA 43m00s | coarse up to T=35.2 h=8.71899805
[16/321] 4% | ETA 40m11s | coarse up to T=31.45 h=5.74337238
[17/321] 5% | ETA 37m46s | coarse up to T=32.7 h=1.30220443
[18/321] 5% | ETA 35m34s | coarse up to T=36.45 h=1.41295700
[19/321] 5% | ETA 44m16s | coarse up to T=37.7 h=1.80743009
[20/321] 6% | ETA 41m57s | coarse up to T=43.95 h=2.19651029
[21/321] 6% | ETA 39m49s | coarse up to T=38.95 h=2.33356347
[22/321] 6% | ETA 37m54s | coarse up to T=41.45 h=3.78174800
[23/321] 7% | ETA 36m09s | coarse up to T=40.2 h=3.13716039
[24/321] 7% | ETA 34m33s | coarse up to T=42.7 h=7.03498525
[25/321] 7% | ETA 41m15s | coarse up to T=45.2 h=5.25807622
[26/321] 8% | ETA 39m34s | coarse up to T=46.45 h=7.40500955
[27/321] 8% | ETA 38m00s | coarse up to T=47.7 h=5.44510068
[28/321] 8% | ETA 36m49s | coarse up to T=48.95 h=3.63219948
[29/321] 9% | ETA 36m18s | coarse up to T=50.2 h=1.04703252
[30/321] 9% | ETA 35m00s | coarse up to T=51.45 h=2.63360455
[31/321] 9% | ETA 40m19s | coarse up to T=55.2 h=1.56529931
[32/321] 9% | ETA 38m59s | coarse up to T=53.95 h=9.96487081
[33/321] 10% | ETA 37m41s | coarse up to T=52.7 h=5.19977748
[34/321] 10% | ETA 36m40s | coarse up to T=56.45 h=1.83531246
[35/321] 10% | ETA 36m14s | coarse up to T=57.7 h=2.06793476
[36/321] 11% | ETA 35m07s | coarse up to T=58.95 h=1.92134984
[37/321] 11% | ETA 39m16s | coarse up to T=60.2 h=1.65833030
[38/321] 11% | ETA 38m08s | coarse up to T=61.45 h=9.39518986
[39/321] 12% | ETA 37m04s | coarse up to T=62.7 h=3.00058418
[40/321] 12% | ETA 36m09s | coarse up to T=63.95 h=4.14113077
[41/321] 12% | ETA 35m54s | coarse up to T=65.2 h=2.85267009
[42/321] 13% | ETA 34m56s | coarse up to T=66.45 h=2.52893642
[43/321] 13% | ETA 38m23s | coarse up to T=67.7 h=4.65726915
[44/321] 13% | ETA 37m25s | coarse up to T=68.95 h=8.38665193
[45/321] 14% | ETA 36m28s | coarse up to T=70.2 h=1.58302338
[46/321] 14% | ETA 35m37s | coarse up to T=71.45 h=3.13094345
[47/321] 14% | ETA 35m20s | coarse up to T=72.7 h=7.05075817
[48/321] 14% | ETA 34m31s | coarse up to T=73.95 h=1.14156108
[49/321] 15% | ETA 37m27s | coarse up to T=75.2 h=8.11356419
[50/321] 15% | ETA 36m35s | coarse up to T=76.45 h=3.55951239
[51/321] 15% | ETA 35m44s | coarse up to T=77.7 h=9.24496084
[52/321] 16% | ETA 34m59s | coarse up to T=78.95 h=2.54395175
[53/321] 16% | ETA 34m46s | coarse up to T=80.2 h=8.31144469
[54/321] 16% | ETA 34m00s | coarse up to T=81.45 h=1.52633022
[55/321] 17% | ETA 36m25s | coarse up to T=85.2 h=1.78738424
[56/321] 17% | ETA 35m40s | coarse up to T=82.7 h=1.24687024
[57/321] 17% | ETA 34m56s | coarse up to T=83.95 h=9.27306040
[58/321] 18% | ETA 34m12s | coarse up to T=86.45 h=2.67640945
[59/321] 18% | ETA 33m54s | coarse up to T=88.95 h=6.15058708
[60/321] 18% | ETA 33m15s | coarse up to T=87.7 h=1.98374027
[61/321] 19% | ETA 35m26s | coarse up to T=91.45 h=3.93595815
[62/321] 19% | ETA 34m45s | coarse up to T=90.2 h=2.64934646
[63/321] 19% | ETA 34m04s | coarse up to T=92.7 h=2.70154645
[64/321] 19% | ETA 33m24s | coarse up to T=93.95 h=1.92977689
[65/321] 20% | ETA 33m08s | coarse up to T=95.2 h=1.15687348
[66/321] 20% | ETA 32m32s | coarse up to T=96.45 h=6.52224922
[67/321] 20% | ETA 34m30s | coarse up to T=97.7 h=1.92926255
[68/321] 21% | ETA 33m53s | coarse up to T=100.2 h=4.08022544
[69/321] 21% | ETA 33m16s | coarse up to T=101.45 h=4.96032953
[70/321] 21% | ETA 32m41s | coarse up to T=98.95 h=2.92263948
[71/321] 22% | ETA 32m28s | coarse up to T=103.95 h=4.53099529
[72/321] 22% | ETA 31m53s | coarse up to T=102.7 h=5.63409171
[73/321] 22% | ETA 33m32s | coarse up to T=105.2 h=5.40379474
[74/321] 23% | ETA 32m58s | coarse up to T=107.7 h=5.10321983
[75/321] 23% | ETA 32m24s | coarse up to T=106.45 h=1.10488445
[76/321] 23% | ETA 31m52s | coarse up to T=108.95 h=1.28773555
[77/321] 23% | ETA 31m38s | coarse up to T=110.2 h=8.86591603
[78/321] 24% | ETA 31m06s | coarse up to T=111.45 h=1.28609570
[79/321] 24% | ETA 32m32s | coarse up to T=112.7 h=7.67159548
[80/321] 24% | ETA 32m01s | coarse up to T=113.95 h=1.49399501
[81/321] 25% | ETA 31m30s | coarse up to T=115.2 h=2.20155890
[82/321] 25% | ETA 31m00s | coarse up to T=116.45 h=5.25303317
[83/321] 25% | ETA 30m46s | coarse up to T=117.7 h=1.10383682
[84/321] 26% | ETA 30m17s | coarse up to T=118.95 h=1.53342583
[85/321] 26% | ETA 31m34s | coarse up to T=120.2 h=1.80591368
[86/321] 26% | ETA 31m05s | coarse up to T=121.45 h=1.06298454
[87/321] 27% | ETA 30m36s | coarse up to T=122.7 h=8.08575424
[88/321] 27% | ETA 30m09s | coarse up to T=123.95 h=1.58477779
[89/321] 27% | ETA 29m55s | coarse up to T=125.2 h=1.14552855
[90/321] 28% | ETA 29m28s | coarse up to T=126.45 h=2.40788004
[91/321] 28% | ETA 30m37s | coarse up to T=127.7 h=1.97310655
[92/321] 28% | ETA 30m11s | coarse up to T=130.2 h=1.21182489
[93/321] 28% | ETA 29m44s | coarse up to T=128.95 h=1.60056059
[94/321] 29% | ETA 29m18s | coarse up to T=131.45 h=2.86116843
[95/321] 29% | ETA 29m04s | coarse up to T=132.7 h=5.01293716
[96/321] 29% | ETA 28m40s | coarse up to T=133.95 h=3.71376633
[97/321] 30% | ETA 29m41s | coarse up to T=135.2 h=1.87600474
[98/321] 30% | ETA 29m16s | coarse up to T=137.7 h=4.33631408
[99/321] 30% | ETA 28m51s | coarse up to T=136.45 h=5.65828706
[100/321] 31% | ETA 28m27s | coarse up to T=138.95 h=1.86994727
[101/321] 31% | ETA 28m14s | coarse up to T=140.2 h=1.58856102
[102/321] 31% | ETA 27m51s | coarse up to T=141.45 h=4.44075735
[103/321] 32% | ETA 28m45s | coarse up to T=142.7 h=1.32303118
[104/321] 32% | ETA 28m22s | coarse up to T=143.95 h=3.94993624
[105/321] 32% | ETA 27m59s | coarse up to T=146.45 h=2.61118727
[106/321] 33% | ETA 27m35s | coarse up to T=145.2 h=5.21918091
[107/321] 33% | ETA 27m23s | coarse up to T=147.7 h=4.94195121
[108/321] 33% | ETA 27m01s | coarse up to T=148.95 h=7.78087788
[109/321] 33% | ETA 27m51s | coarse up to T=150.2 h=2.23585088
[110/321] 34% | ETA 27m29s | coarse up to T=151.45 h=9.00352294
[111/321] 34% | ETA 27m07s | coarse up to T=152.7 h=3.34927976
[112/321] 34% | ETA 26m45s | coarse up to T=153.95 h=1.03674127
[113/321] 35% | ETA 26m45s | coarse up to T=156.45 h=4.42011326
[114/321] 35% | ETA 26m24s | coarse up to T=155.2 h=1.23228246
[115/321] 35% | ETA 27m08s | coarse up to T=160.2 h=2.62619533
[116/321] 36% | ETA 26m47s | coarse up to T=157.7 h=2.93775461
[117/321] 36% | ETA 26m25s | coarse up to T=161.45 h=3.86270926
[118/321] 36% | ETA 26m05s | coarse up to T=158.95 h=7.50293431
[119/321] 37% | ETA 26m03s | coarse up to T=162.7 h=6.57776810
[120/321] 37% | ETA 25m43s | coarse up to T=163.95 h=1.37905068
[121/321] 37% | ETA 26m23s | coarse up to T=166.45 h=8.94150679
[122/321] 38% | ETA 26m03s | coarse up to T=165.2 h=1.34263360
[123/321] 38% | ETA 25m42s | coarse up to T=167.7 h=1.07184815
[124/321] 38% | ETA 25m22s | coarse up to T=168.95 h=7.80009062
[125/321] 38% | ETA 25m21s | coarse up to T=170.2 h=3.16580410
[126/321] 39% | ETA 25m01s | coarse up to T=171.45 h=2.23141101
[127/321] 39% | ETA 25m37s | coarse up to T=172.7 h=2.33519097
[128/321] 39% | ETA 25m18s | coarse up to T=175.2 h=9.80523228
[129/321] 40% | ETA 24m58s | coarse up to T=173.95 h=7.47220408
[130/321] 40% | ETA 24m39s | coarse up to T=176.45 h=1.72045657
[131/321] 40% | ETA 24m37s | coarse up to T=177.7 h=2.98600231
[132/321] 41% | ETA 24m19s | coarse up to T=178.95 h=3.80653796
[133/321] 41% | ETA 24m51s | coarse up to T=183.95 h=3.04922556
[134/321] 41% | ETA 24m32s | coarse up to T=181.45 h=2.54891429
[135/321] 42% | ETA 24m13s | coarse up to T=180.2 h=1.09760534
[136/321] 42% | ETA 23m55s | coarse up to T=182.7 h=3.75082844
[137/321] 42% | ETA 23m53s | coarse up to T=185.2 h=3.32044982
[138/321] 42% | ETA 23m35s | coarse up to T=186.45 h=1.83181194
[139/321] 43% | ETA 24m04s | coarse up to T=187.7 h=7.87688243
[140/321] 43% | ETA 23m46s | coarse up to T=188.95 h=2.05652477
[141/321] 43% | ETA 23m29s | coarse up to T=190.2 h=3.96089771
[142/321] 44% | ETA 23m11s | coarse up to T=191.45 h=3.27116533
[143/321] 44% | ETA 23m08s | coarse up to T=192.7 h=1.12962905
[144/321] 44% | ETA 22m51s | coarse up to T=193.95 h=4.13157220
[145/321] 45% | ETA 23m16s | coarse up to T=195.2 h=4.69149817
[146/321] 45% | ETA 22m59s | coarse up to T=196.45 h=4.39680940
[147/321] 45% | ETA 22m42s | coarse up to T=197.7 h=6.82306159
[148/321] 46% | ETA 22m25s | coarse up to T=198.95 h=5.96575823
[149/321] 46% | ETA 22m21s | coarse up to T=200.2 h=9.72558526
[150/321] 46% | ETA 22m05s | coarse up to T=201.45 h=2.90363874
[151/321] 47% | ETA 22m27s | coarse up to T=202.7 h=2.51619299
[152/321] 47% | ETA 22m10s | coarse up to T=203.95 h=3.27835539
[153/321] 47% | ETA 21m54s | coarse up to T=205.2 h=6.00358402
[154/321] 47% | ETA 21m38s | coarse up to T=206.45 h=3.34876053
[155/321] 48% | ETA 21m34s | coarse up to T=207.7 h=4.59464892
[156/321] 48% | ETA 21m18s | coarse up to T=208.95 h=4.63467532
[157/321] 48% | ETA 21m38s | coarse up to T=210.2 h=7.80853123
[158/321] 49% | ETA 21m22s | coarse up to T=211.45 h=7.74337765
[159/321] 49% | ETA 21m07s | coarse up to T=212.7 h=5.56008358
[160/321] 49% | ETA 20m51s | coarse up to T=213.95 h=4.18058784
[161/321] 50% | ETA 20m47s | coarse up to T=216.45 h=6.70292169
[162/321] 50% | ETA 20m32s | coarse up to T=215.2 h=1.46744556
[163/321] 50% | ETA 20m50s | coarse up to T=217.7 h=1.78785135
[164/321] 51% | ETA 20m35s | coarse up to T=218.95 h=1.02974343
[165/321] 51% | ETA 20m19s | coarse up to T=220.2 h=3.85005237
[166/321] 51% | ETA 20m05s | coarse up to T=221.45 h=2.96795339
[167/321] 52% | ETA 20m00s | coarse up to T=222.7 h=2.36550279
[168/321] 52% | ETA 19m45s | coarse up to T=223.95 h=1.66757936
[169/321] 52% | ETA 20m02s | coarse up to T=225.2 h=3.74622165
[170/321] 52% | ETA 19m47s | coarse up to T=227.7 h=1.57907600
[171/321] 53% | ETA 19m32s | coarse up to T=226.45 h=1.40699491
[172/321] 53% | ETA 19m18s | coarse up to T=228.95 h=1.52549797
[173/321] 53% | ETA 19m13s | coarse up to T=230.2 h=1.19559999
[174/321] 54% | ETA 18m59s | coarse up to T=231.45 h=2.77438464
[175/321] 54% | ETA 19m13s | coarse up to T=235.2 h=2.68256612
[176/321] 54% | ETA 18m58s | coarse up to T=232.7 h=1.83914387
[177/321] 55% | ETA 18m44s | coarse up to T=236.45 h=1.40016178
[178/321] 55% | ETA 18m31s | coarse up to T=233.95 h=9.57681346
[179/321] 55% | ETA 18m25s | coarse up to T=238.95 h=1.57436784
[180/321] 56% | ETA 18m11s | coarse up to T=237.7 h=9.56494199
[181/321] 56% | ETA 18m24s | coarse up to T=241.45 h=3.14778477
[182/321] 56% | ETA 18m10s | coarse up to T=240.2 h=1.70709164
[183/321] 57% | ETA 17m56s | coarse up to T=242.7 h=4.47754360
[184/321] 57% | ETA 17m43s | coarse up to T=243.95 h=1.00875053
[185/321] 57% | ETA 17m37s | coarse up to T=245.2 h=5.07216971
[186/321] 57% | ETA 17m24s | coarse up to T=246.45 h=3.94184274
[187/321] 58% | ETA 17m34s | coarse up to T=247.7 h=6.24241533
[188/321] 58% | ETA 17m21s | coarse up to T=248.95 h=1.27482466
[189/321] 58% | ETA 17m08s | coarse up to T=250.2 h=2.65313684
[190/321] 59% | ETA 16m55s | coarse up to T=251.45 h=1.00828169
[191/321] 59% | ETA 16m49s | coarse up to T=252.7 h=2.35125855
[192/321] 59% | ETA 16m37s | coarse up to T=253.95 h=3.71121180
[193/321] 60% | ETA 16m45s | coarse up to T=255.2 h=2.11707554
[194/321] 60% | ETA 16m33s | coarse up to T=256.45 h=2.30209223
[195/321] 60% | ETA 16m20s | coarse up to T=257.7 h=5.23637363
[196/321] 61% | ETA 16m07s | coarse up to T=258.95 h=2.38136562
[197/321] 61% | ETA 16m01s | coarse up to T=260.2 h=1.94991705
[198/321] 61% | ETA 15m49s | coarse up to T=261.45 h=2.54021027
[199/321] 61% | ETA 15m56s | coarse up to T=262.7 h=7.57256037
[200/321] 62% | ETA 15m43s | coarse up to T=263.95 h=6.03953131
[201/321] 62% | ETA 15m31s | coarse up to T=265.2 h=3.18492379
[202/321] 62% | ETA 15m19s | coarse up to T=266.45 h=1.36159011
[203/321] 63% | ETA 15m12s | coarse up to T=267.7 h=3.75030750
[204/321] 63% | ETA 15m01s | coarse up to T=268.95 h=1.49199005
[205/321] 63% | ETA 15m06s | coarse up to T=270.2 h=1.96563797
[206/321] 64% | ETA 14m54s | coarse up to T=271.45 h=3.46189470
[207/321] 64% | ETA 14m43s | coarse up to T=272.7 h=6.94296260
[208/321] 64% | ETA 14m33s | coarse up to T=273.95 h=8.59796422
[209/321] 65% | ETA 14m29s | coarse up to T=275.2 h=4.96656117
[210/321] 65% | ETA 14m17s | coarse up to T=276.45 h=2.53479762
[211/321] 65% | ETA 14m22s | coarse up to T=277.7 h=7.45270065
[212/321] 66% | ETA 14m10s | coarse up to T=278.95 h=9.76318980
[213/321] 66% | ETA 13m58s | coarse up to T=280.2 h=1.13410168
[214/321] 66% | ETA 13m49s | coarse up to T=281.45 h=1.51232089
[215/321] 66% | ETA 13m44s | coarse up to T=282.7 h=1.52809145
[216/321] 67% | ETA 13m33s | coarse up to T=283.95 h=4.57178829
[217/321] 67% | ETA 13m36s | coarse up to T=285.2 h=9.70889022
[218/321] 67% | ETA 13m25s | coarse up to T=286.45 h=1.21094080
[219/321] 68% | ETA 13m14s | coarse up to T=287.7 h=1.47163613
[220/321] 68% | ETA 13m05s | coarse up to T=288.95 h=4.65412314
[221/321] 68% | ETA 12m59s | coarse up to T=290.2 h=1.37389383
[222/321] 69% | ETA 12m48s | coarse up to T=291.45 h=1.68900451
[223/321] 69% | ETA 12m51s | coarse up to T=292.7 h=1.06335345
[224/321] 69% | ETA 12m40s | coarse up to T=293.95 h=5.12593538
[225/321] 70% | ETA 12m29s | coarse up to T=295.2 h=1.55984194
[226/321] 70% | ETA 12m20s | coarse up to T=296.45 h=4.06620187
[227/321] 70% | ETA 12m14s | coarse up to T=297.7 h=1.01927225
[228/321] 71% | ETA 12m03s | coarse up to T=298.95 h=1.33250956
[229/321] 71% | ETA 12m05s | coarse up to T=300.2 h=1.33700553
[230/321] 71% | ETA 11m54s | coarse up to T=301.45 h=8.99611071
[231/321] 71% | ETA 11m44s | coarse up to T=302.7 h=9.77596382
[232/321] 72% | ETA 11m35s | coarse up to T=303.95 h=2.49675443
[233/321] 72% | ETA 11m29s | coarse up to T=305.2 h=7.71750982
[234/321] 72% | ETA 11m18s | coarse up to T=306.45 h=3.73850615
[235/321] 73% | ETA 11m20s | coarse up to T=307.7 h=2.26578161
[236/321] 73% | ETA 11m09s | coarse up to T=308.95 h=4.60358556
[237/321] 73% | ETA 10m58s | coarse up to T=310.2 h=1.06572622
[238/321] 74% | ETA 10m50s | coarse up to T=311.45 h=6.43552794
[239/321] 74% | ETA 10m44s | coarse up to T=312.7 h=1.40227037
[240/321] 74% | ETA 10m33s | coarse up to T=313.95 h=3.11134120
[241/321] 75% | ETA 10m33s | coarse up to T=315.2 h=7.60769536
[242/321] 75% | ETA 10m23s | coarse up to T=316.45 h=2.28220360
[243/321] 75% | ETA 10m13s | coarse up to T=317.7 h=1.55750814
[244/321] 76% | ETA 10m04s | coarse up to T=318.95 h=2.06359747
[245/321] 76% | ETA 9m58s | coarse up to T=320.2 h=4.09976120
[246/321] 76% | ETA 9m48s | coarse up to T=321.45 h=1.02779271
[247/321] 76% | ETA 9m47s | coarse up to T=322.7 h=1.61660264
[248/321] 77% | ETA 9m37s | coarse up to T=323.95 h=4.75389255
[249/321] 77% | ETA 9m27s | coarse up to T=325.2 h=2.55686586
[250/321] 77% | ETA 9m18s | coarse up to T=326.45 h=6.39211006
[251/321] 78% | ETA 9m11s | coarse up to T=327.7 h=3.15707412
[252/321] 78% | ETA 9m02s | coarse up to T=328.95 h=1.18237774
[253/321] 78% | ETA 9m00s | coarse up to T=330.2 h=1.61825909
[254/321] 79% | ETA 8m50s | coarse up to T=332.7 h=1.12634600
[255/321] 79% | ETA 8m41s | coarse up to T=331.45 h=5.35997660
[256/321] 79% | ETA 8m31s | coarse up to T=333.95 h=2.18967161
[257/321] 80% | ETA 8m25s | coarse up to T=336.45 h=6.88270410
[258/321] 80% | ETA 8m15s | coarse up to T=335.2 h=5.02732715
[259/321] 80% | ETA 8m12s | coarse up to T=337.7 h=3.78232590
[260/321] 80% | ETA 8m03s | coarse up to T=338.95 h=3.06452876
[261/321] 81% | ETA 7m53s | coarse up to T=340.2 h=2.03253021
[262/321] 81% | ETA 7m44s | coarse up to T=341.45 h=2.86838235
[263/321] 81% | ETA 7m37s | coarse up to T=342.7 h=3.45528491
[264/321] 82% | ETA 7m28s | coarse up to T=343.95 h=8.30051525
[265/321] 82% | ETA 7m25s | coarse up to T=345.2 h=4.98322893
[266/321] 82% | ETA 7m15s | coarse up to T=346.45 h=1.93589415
[267/321] 83% | ETA 7m06s | coarse up to T=347.7 h=5.03412625
[268/321] 83% | ETA 6m57s | coarse up to T=348.95 h=7.04683837
[269/321] 83% | ETA 6m50s | coarse up to T=350.2 h=4.88303044
[270/321] 84% | ETA 6m41s | coarse up to T=351.45 h=1.40732910
[271/321] 84% | ETA 6m37s | coarse up to T=352.7 h=4.03557207
[272/321] 84% | ETA 6m27s | coarse up to T=353.95 h=1.24314191
[273/321] 85% | ETA 6m18s | coarse up to T=355.2 h=1.42370208
[274/321] 85% | ETA 6m10s | coarse up to T=356.45 h=2.43289891
[275/321] 85% | ETA 6m02s | coarse up to T=357.7 h=1.35992309
[276/321] 85% | ETA 5m53s | coarse up to T=358.95 h=1.17885196
[277/321] 86% | ETA 5m49s | coarse up to T=360.2 h=2.48994937
[278/321] 86% | ETA 5m40s | coarse up to T=361.45 h=6.08130729
[279/321] 86% | ETA 5m31s | coarse up to T=362.7 h=1.00832084
[280/321] 87% | ETA 5m22s | coarse up to T=363.95 h=6.45363130
[281/321] 87% | ETA 5m15s | coarse up to T=365.2 h=7.39028715
[282/321] 87% | ETA 5m06s | coarse up to T=366.45 h=1.06456052
[283/321] 88% | ETA 5m01s | coarse up to T=367.7 h=8.85821769
[284/321] 88% | ETA 4m52s | coarse up to T=368.95 h=6.17947944
[285/321] 88% | ETA 4m43s | coarse up to T=370.2 h=4.77487802
[286/321] 89% | ETA 4m35s | coarse up to T=371.45 h=2.88734980
[287/321] 89% | ETA 4m28s | coarse up to T=372.7 h=1.31613259
[288/321] 89% | ETA 4m19s | coarse up to T=373.95 h=4.88408500
[289/321] 90% | ETA 4m13s | coarse up to T=375.2 h=7.56559389
[290/321] 90% | ETA 4m05s | coarse up to T=376.45 h=4.54823760
[291/321] 90% | ETA 3m56s | coarse up to T=377.7 h=4.03725845
[292/321] 90% | ETA 3m48s | coarse up to T=378.95 h=4.82286157
[293/321] 91% | ETA 3m40s | coarse up to T=380.2 h=8.85639792
[294/321] 91% | ETA 3m32s | coarse up to T=381.45 h=1.67484040
[295/321] 91% | ETA 3m26s | coarse up to T=382.7 h=2.42527714
[296/321] 92% | ETA 3m17s | coarse up to T=383.95 h=1.30899082
[297/321] 92% | ETA 3m09s | coarse up to T=385.2 h=4.71378486
[298/321] 92% | ETA 3m00s | coarse up to T=386.45 h=1.37741687
[299/321] 93% | ETA 2m53s | coarse up to T=387.7 h=5.74535245
[300/321] 93% | ETA 2m45s | coarse up to T=388.95 h=2.04004043
[301/321] 93% | ETA 2m38s | coarse up to T=390.2 h=4.18834188
[302/321] 94% | ETA 2m30s | coarse up to T=391.45 h=7.33189054
[303/321] 94% | ETA 2m21s | coarse up to T=392.7 h=6.14309755
[304/321] 94% | ETA 2m13s | coarse up to T=393.95 h=2.96417065
[305/321] 95% | ETA 2m06s | coarse up to T=395.2 h=3.13243800
[306/321] 95% | ETA 1m57s | coarse up to T=396.45 h=2.28486780
[307/321] 95% | ETA 1m51s | coarse up to T=397.7 h=1.14646894
[308/321] 95% | ETA 1m43s | coarse up to T=398.95 h=3.75605487
[309/321] 96% | ETA 1m34s | coarse up to T=400.2 h=3.94615290
[310/321] 96% | ETA 1m26s | coarse up to T=401.45 h=2.35042332
[311/321] 96% | ETA 1m19s | coarse up to T=402.7 h=9.02374557
[312/321] 97% | ETA 1m10s | coarse up to T=403.95 h=1.39978867
[313/321] 97% | ETA 1m03s | coarse up to T=405.2 h=4.63732266
[314/321] 97% | ETA 0m55s | coarse up to T=406.45 h=3.35455562
[315/321] 98% | ETA 0m47s | coarse up to T=407.7 h=2.58532854
[316/321] 98% | ETA 0m39s | coarse up to T=414.0 h=5.00321396
[317/321] 98% | ETA 0m31s | coarse up to T=408.95 h=2.33975175
[318/321] 99% | ETA 0m23s | coarse up to T=410.2 h=2.78267058
[319/321] 99% | ETA 0m15s | coarse up to T=411.45 h=2.74843646
[320/321] 99% | ETA 0m07s | coarse up to T=412.7 h=2.86464348
[321/321] 100% | ETA 0m00s | coarse up to T=413.95 h=5.43529570
coarse negatives 0; T_flip=None Delta_T=None
written long_flip_T14_low.json
exit 0
