pair delta: 372 tasks, workers 2
[1/372] 0% | ETA 0m50s | sigma=1/64 gamma=14.0 N=20 Delta=8.489413485 Delta_hat=0.000135167
[2/372] 0% | ETA 0m29s | sigma=1/64 gamma=14.5 N=21 Delta=2.543388615 Delta_hat=0.000145527
[3/372] 0% | ETA 0m24s | sigma=1/64 gamma=15.0 N=21 Delta=7.467154290 Delta_hat=0.000156572
[4/372] 1% | ETA 0m19s | sigma=1/64 gamma=15.5 N=22 Delta=2.150111889 Delta_hat=0.000168355
[5/372] 1% | ETA 0m18s | sigma=1/64 gamma=16.0 N=22 Delta=6.077698137 Delta_hat=0.000180921
[6/372] 1% | ETA 0m15s | sigma=1/64 gamma=16.5 N=22 Delta=1.688337701 Delta_hat=0.000194302
[7/372] 1% | ETA 0m16s | sigma=1/64 gamma=17.0 N=23 Delta=4.614875169 Delta_hat=0.000208500
[8/372] 2% | ETA 0m14s | sigma=1/64 gamma=17.5 N=23 Delta=1.242942973 Delta_hat=0.000223477
[9/372] 2% | ETA 0m14s | sigma=1/64 gamma=18.0 N=23 Delta=3.303798109 Delta_hat=0.000239140
[10/372] 2% | ETA 0m13s | sigma=1/64 gamma=18.5 N=24 Delta=8.681387880 Delta_hat=0.000255320
[11/372] 2% | ETA 0m14s | sigma=1/64 gamma=19.0 N=24 Delta=2.259256126 Delta_hat=0.000271768
[12/372] 3% | ETA 0m13s | sigma=1/64 gamma=19.5 N=25 Delta=5.833757975 Delta_hat=0.000288149
[13/372] 3% | ETA 0m14s | sigma=1/64 gamma=20.0 N=25 Delta=1.497364072 Delta_hat=0.000304063
[14/372] 3% | ETA 0m13s | sigma=1/64 gamma=20.5 N=25 Delta=3.826778749 Delta_hat=0.000319082
[15/372] 4% | ETA 0m14s | sigma=1/64 gamma=21.0 N=26 Delta=9.752009862 Delta_hat=0.000332807
[16/372] 4% | ETA 0m13s | sigma=1/64 gamma=21.5 N=26 Delta=2.480811409 Delta_hat=0.000344935
[17/372] 4% | ETA 0m14s | sigma=1/64 gamma=22.0 N=26 Delta=6.304370258 Delta_hat=0.000355318
[18/372] 4% | ETA 0m14s | sigma=1/64 gamma=22.5 N=27 Delta=1.600879252 Delta_hat=0.000363990
[19/372] 5% | ETA 0m14s | sigma=1/64 gamma=23.0 N=27 Delta=4.061452049 Delta_hat=0.000371164
[20/372] 5% | ETA 0m13s | sigma=1/64 gamma=23.5 N=27 Delta=1.028937130 Delta_hat=0.000377195
[21/372] 5% | ETA 0m13s | sigma=1/64 gamma=24.0 N=28 Delta=2.601023289 Delta_hat=0.000382509
[22/372] 5% | ETA 0m13s | sigma=1/64 gamma=24.5 N=28 Delta=6.554634387 Delta_hat=0.000387551
[23/372] 6% | ETA 0m13s | sigma=1/64 gamma=25.0 N=29 Delta=1.645120997 Delta_hat=0.000392721
[24/372] 6% | ETA 0m13s | sigma=1/64 gamma=25.5 N=29 Delta=4.109024035 Delta_hat=0.000398335
[25/372] 6% | ETA 0m13s | sigma=1/64 gamma=26.0 N=29 Delta=1.020735274 Delta_hat=0.000404609
[26/372] 6% | ETA 0m13s | sigma=1/64 gamma=26.5 N=30 Delta=2.521110120 Delta_hat=0.000411639
[27/372] 7% | ETA 0m14s | sigma=1/64 gamma=27.0 N=30 Delta=6.191426128 Delta_hat=0.000419401
[28/372] 7% | ETA 0m14s | sigma=1/64 gamma=27.5 N=30 Delta=1.512413423 Delta_hat=0.000427750
[29/372] 7% | ETA 0m13s | sigma=1/64 gamma=28.0 N=30 Delta=3.677215753 Delta_hat=0.000436436
[30/372] 8% | ETA 0m13s | sigma=1/64 gamma=28.5 N=31 Delta=8.906717774 Delta_hat=0.000445120
[31/372] 8% | ETA 0m13s | sigma=1/64 gamma=29.0 N=31 Delta=2.151268742 Delta_hat=0.000453414
[32/372] 8% | ETA 0m13s | sigma=1/64 gamma=29.5 N=31 Delta=5.186472676 Delta_hat=0.000460937
[33/372] 8% | ETA 0m13s | sigma=1/64 gamma=30.0 N=32 Delta=1.249142599 Delta_hat=0.000467374
[34/372] 9% | ETA 0m13s | sigma=1/64 gamma=30.5 N=32 Delta=3.007258865 Delta_hat=0.000472537
[35/372] 9% | ETA 0m13s | sigma=1/64 gamma=31.0 N=32 Delta=7.238841448 Delta_hat=0.000476405
[36/372] 9% | ETA 0m13s | sigma=1/64 gamma=31.5 N=33 Delta=1.742137017 Delta_hat=0.000479130
[37/372] 9% | ETA 0m13s | sigma=1/64 gamma=32.0 N=33 Delta=4.190388441 Delta_hat=0.000481004
[38/372] 10% | ETA 0m13s | sigma=1/64 gamma=32.5 N=33 Delta=1.006769897 Delta_hat=0.000482407
[39/372] 10% | ETA 0m13s | sigma=1/64 gamma=33.0 N=34 Delta=2.414371869 Delta_hat=0.000483734
[40/372] 10% | ETA 0m13s | sigma=1/64 gamma=33.5 N=34 Delta=5.775265627 Delta_hat=0.000485339
[41/372] 11% | ETA 0m13s | sigma=1/64 gamma=34.0 N=34 Delta=1.377149751 Delta_hat=0.000487486
[42/372] 11% | ETA 0m13s | sigma=1/64 gamma=34.5 N=34 Delta=3.272426091 Delta_hat=0.000490322
[43/372] 11% | ETA 0m13s | sigma=1/64 gamma=35.0 N=35 Delta=7.747983668 Delta_hat=0.000493872
[44/372] 11% | ETA 0m13s | sigma=1/64 gamma=35.5 N=35 Delta=1.828114683 Delta_hat=0.000498046
[45/372] 12% | ETA 0m13s | sigma=1/64 gamma=36.0 N=35 Delta=4.300090760 Delta_hat=0.000502660
[46/372] 12% | ETA 0m13s | sigma=1/64 gamma=36.5 N=36 Delta=1.008878863 Delta_hat=0.000507473
[47/372] 12% | ETA 0m13s | sigma=1/64 gamma=37.0 N=36 Delta=2.362302111 Delta_hat=0.000512239
[48/372] 12% | ETA 0m13s | sigma=1/64 gamma=37.5 N=36 Delta=5.523161759 Delta_hat=0.000516752
[49/372] 13% | ETA 0m13s | sigma=1/64 gamma=38.0 N=36 Delta=1.289878796 Delta_hat=0.000520896
[50/372] 13% | ETA 0m13s | sigma=1/64 gamma=38.5 N=37 Delta=3.009374734 Delta_hat=0.000524677
[51/372] 13% | ETA 0m13s | sigma=1/64 gamma=39.0 N=37 Delta=7.013311695 Delta_hat=0.000528223
[52/372] 13% | ETA 0m13s | sigma=1/64 gamma=39.5 N=37 Delta=1.632114103 Delta_hat=0.000531764
[53/372] 14% | ETA 0m13s | sigma=1/64 gamma=40.0 N=38 Delta=3.791028113 Delta_hat=0.000535586
[54/372] 14% | ETA 0m12s | sigma=1/64 gamma=40.5 N=38 Delta=8.784572096 Delta_hat=0.000539983
[55/372] 14% | ETA 0m13s | sigma=1/64 gamma=41.0 N=38 Delta=2.029757138 Delta_hat=0.000545200
[56/372] 15% | ETA 0m12s | sigma=1/64 gamma=41.5 N=38 Delta=4.675141432 Delta_hat=0.000551401
[57/372] 15% | ETA 0m13s | sigma=1/64 gamma=42.5 N=39 Delta=2.456473306 Delta_hat=0.000566861
[58/372] 15% | ETA 0m12s | sigma=1/64 gamma=42.0 N=39 Delta=1.073325104 Delta_hat=0.000558641
[59/372] 15% | ETA 0m12s | sigma=1/64 gamma=43.0 N=39 Delta=5.606396671 Delta_hat=0.000575902
[60/372] 16% | ETA 0m12s | sigma=1/64 gamma=43.5 N=40 Delta=1.276595094 Delta_hat=0.000585533
[61/372] 16% | ETA 0m12s | sigma=1/64 gamma=44.0 N=40 Delta=2.901659557 Delta_hat=0.000595496
[62/372] 16% | ETA 0m12s | sigma=1/64 gamma=44.5 N=40 Delta=6.586686756 Delta_hat=0.000605557
[63/372] 16% | ETA 0m12s | sigma=1/64 gamma=45.0 N=40 Delta=1.493684624 Delta_hat=0.000615559
[64/372] 17% | ETA 0m12s | sigma=1/64 gamma=45.5 N=41 Delta=3.384431054 Delta_hat=0.000625451
[65/372] 17% | ETA 0m12s | sigma=1/64 gamma=46.0 N=41 Delta=7.661767996 Delta_hat=0.000635292
[66/372] 17% | ETA 0m12s | sigma=1/64 gamma=46.5 N=41 Delta=1.732639214 Delta_hat=0.000645228
[67/372] 18% | ETA 0m12s | sigma=1/64 gamma=47.0 N=41 Delta=3.913049788 Delta_hat=0.000655436
[68/372] 18% | ETA 0m12s | sigma=1/64 gamma=47.5 N=42 Delta=8.823868352 Delta_hat=0.000666068
[69/372] 18% | ETA 0m12s | sigma=1/64 gamma=48.0 N=42 Delta=1.986567619 Delta_hat=0.000677185
[70/372] 18% | ETA 0m12s | sigma=1/64 gamma=48.5 N=42 Delta=4.465758666 Delta_hat=0.000688721
[71/372] 19% | ETA 0m12s | sigma=1/64 gamma=49.0 N=42 Delta=1.002698671 Delta_hat=0.000700468
[72/372] 19% | ETA 0m12s | sigma=1/64 gamma=49.5 N=43 Delta=2.249764230 Delta_hat=0.000712091
[73/372] 19% | ETA 0m12s | sigma=1/64 gamma=50.0 N=43 Delta=5.047071591 Delta_hat=0.000723183
[74/372] 19% | ETA 0m12s | sigma=1/64 gamma=50.5 N=43 Delta=1.132691916 Delta_hat=0.000733343
[75/372] 20% | ETA 0m12s | sigma=1/64 gamma=51.0 N=43 Delta=2.544082845 Delta_hat=0.000742264
[76/372] 20% | ETA 0m11s | sigma=1/64 gamma=51.5 N=44 Delta=5.719852411 Delta_hat=0.000749792
[77/372] 20% | ETA 0m11s | sigma=1/64 gamma=52.0 N=44 Delta=1.287234154 Delta_hat=0.000755962
[78/372] 20% | ETA 0m11s | sigma=1/64 gamma=52.5 N=44 Delta=2.898981644 Delta_hat=0.000760967
[79/372] 21% | ETA 0m11s | sigma=1/64 gamma=53.0 N=44 Delta=6.531144062 Delta_hat=0.000765097
[80/372] 21% | ETA 0m11s | sigma=1/64 gamma=53.5 N=45 Delta=1.471359828 Delta_hat=0.000768653
[81/372] 21% | ETA 0m11s | sigma=1/64 gamma=54.0 N=45 Delta=3.313570478 Delta_hat=0.000771871
[82/372] 22% | ETA 0m11s | sigma=1/64 gamma=54.5 N=45 Delta=7.458370644 Delta_hat=0.000774875
[83/372] 22% | ETA 0m11s | sigma=1/64 gamma=55.0 N=45 Delta=1.677851805 Delta_hat=0.000777667
[84/372] 22% | ETA 0m11s | sigma=1/64 gamma=55.5 N=46 Delta=3.772860582 Delta_hat=0.000780164
[85/372] 22% | ETA 0m11s | sigma=1/64 gamma=56.0 N=46 Delta=8.481323555 Delta_hat=0.000782252
[86/372] 23% | ETA 0m11s | sigma=1/64 gamma=56.5 N=46 Delta=1.906270096 Delta_hat=0.000783857
[87/372] 23% | ETA 0m11s | sigma=1/64 gamma=57.0 N=46 Delta=4.283866531 Delta_hat=0.000785008
[88/372] 23% | ETA 0m11s | sigma=1/64 gamma=57.5 N=47 Delta=9.623951588 Delta_hat=0.000785856
[89/372] 23% | ETA 0m11s | sigma=1/64 gamma=58.0 N=47 Delta=2.160766803 Delta_hat=0.000786665
[90/372] 24% | ETA 0m11s | sigma=1/64 gamma=58.5 N=47 Delta=4.846514433 Delta_hat=0.000787760
[91/372] 24% | ETA 0m11s | sigma=1/64 gamma=59.0 N=47 Delta=1.085537670 Delta_hat=0.000789458
[92/372] 24% | ETA 0m11s | sigma=1/64 gamma=59.5 N=47 Delta=2.427266880 Delta_hat=0.000791997
[93/372] 25% | ETA 0m11s | sigma=1/64 gamma=60.0 N=48 Delta=5.417261876 Delta_hat=0.000795487
[94/372] 25% | ETA 0m11s | sigma=1/8 gamma=14.0 N=20 Delta=5.451987582 Delta_hat=0.008602097
[95/372] 25% | ETA 0m10s | sigma=1/8 gamma=14.5 N=21 Delta=1.633741285 Delta_hat=0.009257412
[96/372] 25% | ETA 0m10s | sigma=1/8 gamma=15.0 N=21 Delta=4.797590396 Delta_hat=0.009955418
[97/372] 26% | ETA 0m10s | sigma=1/8 gamma=15.5 N=22 Delta=1.381754205 Delta_hat=0.010699374
[98/372] 26% | ETA 0m10s | sigma=1/8 gamma=16.0 N=22 Delta=3.906742694 Delta_hat=0.011492045
[99/372] 26% | ETA 0m10s | sigma=1/8 gamma=16.5 N=22 Delta=1.085538256 Delta_hat=0.012335184
[100/372] 26% | ETA 0m10s | sigma=1/8 gamma=17.0 N=23 Delta=2.967972473 Delta_hat=0.013228836
[101/372] 27% | ETA 0m10s | sigma=1/8 gamma=17.5 N=23 Delta=7.995926012 Delta_hat=0.014170467
[102/372] 27% | ETA 0m10s | sigma=1/8 gamma=18.5 N=24 Delta=5.587917328 Delta_hat=0.016168731
[103/372] 27% | ETA 0m10s | sigma=1/8 gamma=18.0 N=23 Delta=2.125943165 Delta_hat=0.015153974
[104/372] 27% | ETA 0m10s | sigma=1/8 gamma=19.5 N=25 Delta=3.757130042 Delta_hat=0.018223671
[105/372] 28% | ETA 0m10s | sigma=1/8 gamma=19.0 N=24 Delta=1.454621258 Delta_hat=0.017198944
[106/372] 28% | ETA 0m10s | sigma=1/8 gamma=20.0 N=25 Delta=9.646214041 Delta_hat=0.019217931
[107/372] 28% | ETA 0m10s | sigma=1/8 gamma=20.5 N=25 Delta=2.465933740 Delta_hat=0.020155117
[108/372] 29% | ETA 0m10s | sigma=1/8 gamma=21.0 N=26 Delta=6.285739158 Delta_hat=0.021010577
[109/372] 29% | ETA 0m10s | sigma=1/8 gamma=21.5 N=26 Delta=1.599428145 Delta_hat=0.021765720
[110/372] 29% | ETA 0m10s | sigma=1/8 gamma=22.0 N=26 Delta=4.065513443 Delta_hat=0.022411547
[111/372] 29% | ETA 0m10s | sigma=1/8 gamma=22.5 N=27 Delta=1.032591955 Delta_hat=0.022950517
[112/372] 30% | ETA 0m10s | sigma=1/8 gamma=23.0 N=27 Delta=2.620245723 Delta_hat=0.023396141
[113/372] 30% | ETA 0m10s | sigma=1/8 gamma=23.5 N=27 Delta=6.639491716 Delta_hat=0.023770464
[114/372] 30% | ETA 0m10s | sigma=1/8 gamma=24.0 N=28 Delta=1.678693250 Delta_hat=0.024100269
[115/372] 30% | ETA 0m10s | sigma=1/8 gamma=24.5 N=28 Delta=4.231103928 Delta_hat=0.024413069
[116/372] 31% | ETA 0m10s | sigma=1/8 gamma=25.0 N=29 Delta=1.062134228 Delta_hat=0.024733702
[117/372] 31% | ETA 0m10s | sigma=1/8 gamma=25.5 N=29 Delta=2.653358114 Delta_hat=0.025081916
[118/372] 31% | ETA 0m10s | sigma=1/8 gamma=26.0 N=29 Delta=6.592437636 Delta_hat=0.025470916
[119/372] 31% | ETA 0m10s | sigma=1/8 gamma=26.5 N=30 Delta=1.628549541 Delta_hat=0.025906633
[120/372] 32% | ETA 0m10s | sigma=1/8 gamma=27.0 N=30 Delta=4.000153706 Delta_hat=0.026387482
[121/372] 32% | ETA 0m10s | sigma=1/8 gamma=27.5 N=30 Delta=9.773127209 Delta_hat=0.026904528
[122/372] 32% | ETA 0m09s | sigma=1/8 gamma=28.0 N=30 Delta=2.376614349 Delta_hat=0.027442139
[123/372] 33% | ETA 0m09s | sigma=1/8 gamma=28.5 N=31 Delta=5.757480545 Delta_hat=0.027979372
[124/372] 33% | ETA 0m09s | sigma=1/8 gamma=29.0 N=31 Delta=1.390856235 Delta_hat=0.028492314
[125/372] 33% | ETA 0m09s | sigma=1/8 gamma=29.5 N=31 Delta=3.353737890 Delta_hat=0.028957387
[126/372] 33% | ETA 0m09s | sigma=1/8 gamma=30.0 N=32 Delta=8.078568828 Delta_hat=0.029355238
[127/372] 34% | ETA 0m09s | sigma=1/8 gamma=30.5 N=32 Delta=1.945154748 Delta_hat=0.029674388
[128/372] 34% | ETA 0m09s | sigma=1/8 gamma=31.0 N=32 Delta=4.682835345 Delta_hat=0.029913615
[129/372] 34% | ETA 0m09s | sigma=1/8 gamma=31.5 N=33 Delta=1.127131384 Delta_hat=0.030082297
[130/372] 34% | ETA 0m09s | sigma=1/8 gamma=32.0 N=33 Delta=2.711412335 Delta_hat=0.030198549
[131/372] 35% | ETA 0m09s | sigma=1/8 gamma=32.5 N=33 Delta=6.515055531 Delta_hat=0.030285723
[132/372] 35% | ETA 0m09s | sigma=1/8 gamma=33.0 N=34 Delta=1.562561978 Delta_hat=0.030368277
[133/372] 35% | ETA 0m09s | sigma=1/8 gamma=33.5 N=34 Delta=3.738090201 Delta_hat=0.030467977
[134/372] 36% | ETA 0m09s | sigma=1/8 gamma=34.0 N=34 Delta=8.914644556 Delta_hat=0.030601074
[135/372] 36% | ETA 0m09s | sigma=1/8 gamma=34.5 N=34 Delta=2.118549629 Delta_hat=0.030776681
[136/372] 36% | ETA 0m09s | sigma=1/8 gamma=35.0 N=35 Delta=5.016543532 Delta_hat=0.030996276
[137/372] 36% | ETA 0m09s | sigma=1/8 gamma=35.5 N=35 Delta=1.183770753 Delta_hat=0.031254216
[138/372] 37% | ETA 0m09s | sigma=1/8 gamma=36.0 N=35 Delta=2.784781303 Delta_hat=0.031539156
[139/372] 37% | ETA 0m09s | sigma=1/8 gamma=36.5 N=36 Delta=6.534352476 Delta_hat=0.031836306
[140/372] 37% | ETA 0m09s | sigma=1/8 gamma=37.0 N=36 Delta=1.530204701 Delta_hat=0.032130342
[141/372] 37% | ETA 0m09s | sigma=1/8 gamma=37.5 N=36 Delta=3.578102244 Delta_hat=0.032408619
[142/372] 38% | ETA 0m09s | sigma=1/8 gamma=38.0 N=36 Delta=8.357282809 Delta_hat=0.032664047
[143/372] 38% | ETA 0m09s | sigma=1/8 gamma=38.5 N=37 Delta=1.950042970 Delta_hat=0.032896910
[144/372] 38% | ETA 0m09s | sigma=1/8 gamma=39.0 N=37 Delta=4.545102072 Delta_hat=0.033115125
[145/372] 38% | ETA 0m09s | sigma=1/8 gamma=39.5 N=37 Delta=1.057852224 Delta_hat=0.033332815
[146/372] 39% | ETA 0m09s | sigma=1/8 gamma=40.0 N=38 Delta=2.457465853 Delta_hat=0.033567624
[147/372] 39% | ETA 0m09s | sigma=1/8 gamma=40.5 N=38 Delta=5.695210149 Delta_hat=0.033837478
[148/372] 39% | ETA 0m09s | sigma=1/8 gamma=41.0 N=38 Delta=1.316118841 Delta_hat=0.034157497
[149/372] 40% | ETA 0m08s | sigma=1/8 gamma=41.5 N=38 Delta=3.031875331 Delta_hat=0.034537608
[150/372] 40% | ETA 0m08s | sigma=1/8 gamma=42.0 N=39 Delta=6.961732700 Delta_hat=0.034981114
[151/372] 40% | ETA 0m08s | sigma=1/8 gamma=42.5 N=39 Delta=1.593571357 Delta_hat=0.035484341
[152/372] 40% | ETA 0m08s | sigma=1/8 gamma=43.0 N=39 Delta=3.637646132 Delta_hat=0.036037389
[153/372] 41% | ETA 0m08s | sigma=1/8 gamma=43.5 N=40 Delta=8.284577290 Delta_hat=0.036625974
[154/372] 41% | ETA 0m08s | sigma=1/8 gamma=44.0 N=40 Delta=1.883419798 Delta_hat=0.037234186
[155/372] 41% | ETA 0m08s | sigma=1/8 gamma=44.5 N=40 Delta=4.276156823 Delta_hat=0.037847731
[156/372] 41% | ETA 0m08s | sigma=1/8 gamma=45.0 N=40 Delta=9.699145255 Delta_hat=0.038456941
[157/372] 42% | ETA 0m08s | sigma=1/8 gamma=45.5 N=41 Delta=2.198111957 Delta_hat=0.039058722
[158/372] 42% | ETA 0m08s | sigma=1/8 gamma=46.0 N=41 Delta=4.977188922 Delta_hat=0.039656778
[159/372] 42% | ETA 0m08s | sigma=1/8 gamma=46.5 N=41 Delta=1.125785168 Delta_hat=0.040259973
[160/372] 43% | ETA 0m08s | sigma=1/8 gamma=47.0 N=41 Delta=2.543057415 Delta_hat=0.040879203
[161/372] 43% | ETA 0m08s | sigma=1/8 gamma=47.5 N=42 Delta=5.735802644 Delta_hat=0.041523598
[162/372] 43% | ETA 0m08s | sigma=1/8 gamma=48.0 N=42 Delta=1.291616410 Delta_hat=0.042196959
[163/372] 43% | ETA 0m08s | sigma=1/8 gamma=48.5 N=42 Delta=2.904159748 Delta_hat=0.042895248
[164/372] 44% | ETA 0m08s | sigma=1/8 gamma=49.0 N=42 Delta=6.522136297 Delta_hat=0.043605735
[165/372] 44% | ETA 0m08s | sigma=1/8 gamma=49.5 N=43 Delta=1.463688263 Delta_hat=0.044308173
[166/372] 44% | ETA 0m08s | sigma=1/8 gamma=50.0 N=43 Delta=3.284277748 Delta_hat=0.044978013
[167/372] 44% | ETA 0m08s | sigma=1/8 gamma=50.5 N=43 Delta=7.372188890 Delta_hat=0.045591139
[168/372] 45% | ETA 0m08s | sigma=1/8 gamma=51.0 N=43 Delta=1.656130281 Delta_hat=0.046129006
[169/372] 45% | ETA 0m08s | sigma=1/8 gamma=51.5 N=44 Delta=3.724091413 Delta_hat=0.046582661
[170/372] 45% | ETA 0m08s | sigma=1/8 gamma=52.5 N=44 Delta=1.888017283 Delta_hat=0.047255791
[171/372] 45% | ETA 0m08s | sigma=1/8 gamma=52.0 N=44 Delta=8.382214113 Delta_hat=0.046954299
[172/372] 46% | ETA 0m08s | sigma=1/8 gamma=53.0 N=44 Delta=4.254056150 Delta_hat=0.047504719
[173/372] 46% | ETA 0m07s | sigma=1/8 gamma=53.5 N=45 Delta=9.584758383 Delta_hat=0.047719295
[174/372] 46% | ETA 0m07s | sigma=1/8 gamma=54.0 N=45 Delta=2.158750325 Delta_hat=0.047913769
[175/372] 47% | ETA 0m07s | sigma=1/8 gamma=54.5 N=45 Delta=4.859486263 Delta_hat=0.048095584
[176/372] 47% | ETA 0m07s | sigma=1/8 gamma=55.0 N=45 Delta=1.093294044 Delta_hat=0.048264921
[177/372] 47% | ETA 0m07s | sigma=1/8 gamma=55.5 N=46 Delta=2.458602719 Delta_hat=0.048416594
[178/372] 47% | ETA 0m07s | sigma=1/8 gamma=56.0 N=46 Delta=5.527301034 Delta_hat=0.048543672
[179/372] 48% | ETA 0m07s | sigma=1/8 gamma=56.5 N=46 Delta=1.242407345 Delta_hat=0.048641719
[180/372] 48% | ETA 0m07s | sigma=1/8 gamma=57.0 N=46 Delta=2.792186974 Delta_hat=0.048712288
[181/372] 48% | ETA 0m07s | sigma=1/8 gamma=57.5 N=47 Delta=6.273223535 Delta_hat=0.048764525
[182/372] 48% | ETA 0m07s | sigma=1/8 gamma=58.0 N=47 Delta=1.408558152 Delta_hat=0.048814302
[183/372] 49% | ETA 0m07s | sigma=1/8 gamma=58.5 N=47 Delta=3.159568316 Delta_hat=0.048881178
[184/372] 49% | ETA 0m07s | sigma=1/8 gamma=59.0 N=47 Delta=7.077456744 Delta_hat=0.048984181
[185/372] 49% | ETA 0m07s | sigma=1/8 gamma=59.5 N=47 Delta=1.582659008 Delta_hat=0.049137651
[186/372] 50% | ETA 0m07s | sigma=1/8 gamma=60.0 N=48 Delta=3.532571218 Delta_hat=0.049348231
[187/372] 50% | ETA 0m07s | sigma=1/4 gamma=14.0 N=20 Delta=2.203808058 Delta_hat=0.033826760
[188/372] 50% | ETA 0m07s | sigma=1/4 gamma=14.5 N=21 Delta=6.608245507 Delta_hat=0.036356605
[189/372] 50% | ETA 0m07s | sigma=1/4 gamma=15.5 N=22 Delta=5.596791985 Delta_hat=0.041900640
[190/372] 51% | ETA 0m07s | sigma=1/4 gamma=15.0 N=21 Delta=1.941880124 Delta_hat=0.039044158
[191/372] 51% | ETA 0m07s | sigma=1/4 gamma=16.5 N=22 Delta=4.403623310 Delta_hat=0.048152820
[192/372] 51% | ETA 0m07s | sigma=1/4 gamma=16.0 N=22 Delta=1.583598854 Delta_hat=0.044935172
[193/372] 51% | ETA 0m07s | sigma=1/4 gamma=17.5 N=23 Delta=3.248911143 Delta_hat=0.055121317
[194/372] 52% | ETA 0m07s | sigma=1/4 gamma=17.0 N=23 Delta=1.204956979 Delta_hat=0.051552008
[195/372] 52% | ETA 0m07s | sigma=1/4 gamma=18.0 N=23 Delta=8.645437347 Delta_hat=0.058835941
[196/372] 52% | ETA 0m06s | sigma=1/4 gamma=18.5 N=24 Delta=2.274352610 Delta_hat=0.062654361
[197/372] 52% | ETA 0m06s | sigma=1/4 gamma=19.0 N=24 Delta=5.925612214 Delta_hat=0.066516259
[198/372] 53% | ETA 0m06s | sigma=1/4 gamma=19.5 N=25 Delta=1.531842390 Delta_hat=0.070342997
[199/372] 53% | ETA 0m06s | sigma=1/4 gamma=20.0 N=25 Delta=3.936263505 Delta_hat=0.074042052
[200/372] 53% | ETA 0m06s | sigma=1/4 gamma=20.5 N=25 Delta=1.007090902 Delta_hat=0.077516153
[201/372] 54% | ETA 0m06s | sigma=1/4 gamma=21.5 N=26 Delta=6.542278123 Delta_hat=0.083457433
[202/372] 54% | ETA 0m06s | sigma=1/4 gamma=21.0 N=26 Delta=2.569155095 Delta_hat=0.080676479
[203/372] 54% | ETA 0m06s | sigma=1/4 gamma=22.5 N=27 Delta=4.229588114 Delta_hat=0.087803460
[204/372] 54% | ETA 0m06s | sigma=1/4 gamma=22.0 N=26 Delta=1.664146829 Delta_hat=0.085829089
[205/372] 55% | ETA 0m06s | sigma=1/4 gamma=23.5 N=27 Delta=2.722943320 Delta_hat=0.090798761
[206/372] 55% | ETA 0m06s | sigma=1/4 gamma=23.0 N=27 Delta=1.073955975 Delta_hat=0.089432526
[207/372] 55% | ETA 0m06s | sigma=1/4 gamma=24.5 N=28 Delta=1.737167487 Delta_hat=0.093140924
[208/372] 55% | ETA 0m06s | sigma=1/4 gamma=24.0 N=28 Delta=6.888453704 Delta_hat=0.092001212
[209/372] 56% | ETA 0m06s | sigma=1/4 gamma=25.0 N=29 Delta=4.363145050 Delta_hat=0.094308648
[210/372] 56% | ETA 0m06s | sigma=1/4 gamma=25.5 N=29 Delta=1.090551699 Delta_hat=0.095576159
[211/372] 56% | ETA 0m06s | sigma=1/4 gamma=26.5 N=30 Delta=6.700604635 Delta_hat=0.098574312
[212/372] 56% | ETA 0m06s | sigma=1/4 gamma=26.0 N=29 Delta=2.710983621 Delta_hat=0.096991071
[213/372] 57% | ETA 0m06s | sigma=1/4 gamma=27.0 N=30 Delta=1.646734823 Delta_hat=0.100319416
[214/372] 57% | ETA 0m06s | sigma=1/4 gamma=27.5 N=30 Delta=4.025457702 Delta_hat=0.102193318
[215/372] 57% | ETA 0m06s | sigma=1/4 gamma=28.0 N=30 Delta=9.794309647 Delta_hat=0.104138964
[216/372] 58% | ETA 0m06s | sigma=1/4 gamma=28.5 N=31 Delta=2.373979049 Delta_hat=0.106080533
[217/372] 58% | ETA 0m06s | sigma=1/4 gamma=29.0 N=31 Delta=5.737844280 Delta_hat=0.107932008
[218/372] 58% | ETA 0m06s | sigma=1/4 gamma=29.5 N=31 Delta=1.384228248 Delta_hat=0.109609102
[219/372] 58% | ETA 0m06s | sigma=1/4 gamma=30.0 N=32 Delta=3.335898621 Delta_hat=0.111043094
[220/372] 59% | ETA 0m06s | sigma=1/4 gamma=30.5 N=32 Delta=8.035611543 Delta_hat=0.112193679
[221/372] 59% | ETA 0m06s | sigma=1/4 gamma=31.0 N=32 Delta=1.935292161 Delta_hat=0.113057272
[222/372] 59% | ETA 0m05s | sigma=1/4 gamma=31.5 N=33 Delta=4.659858507 Delta_hat=0.113668045
[223/372] 59% | ETA 0m05s | sigma=1/4 gamma=32.0 N=33 Delta=1.121357516 Delta_hat=0.114091200
[224/372] 60% | ETA 0m05s | sigma=1/4 gamma=32.5 N=33 Delta=2.695315506 Delta_hat=0.114410488
[225/372] 60% | ETA 0m05s | sigma=1/4 gamma=33.0 N=34 Delta=6.466471698 Delta_hat=0.114713473
[226/372] 60% | ETA 0m05s | sigma=1/4 gamma=33.5 N=34 Delta=1.547451883 Delta_hat=0.115077997
[227/372] 61% | ETA 0m05s | sigma=1/4 gamma=34.0 N=34 Delta=3.691557973 Delta_hat=0.115562084
[228/372] 61% | ETA 0m05s | sigma=1/4 gamma=34.5 N=34 Delta=8.775771617 Delta_hat=0.116198102
[229/372] 61% | ETA 0m05s | sigma=1/4 gamma=35.0 N=35 Delta=2.078719272 Delta_hat=0.116991007
[230/372] 61% | ETA 0m05s | sigma=1/4 gamma=35.5 N=35 Delta=4.906898788 Delta_hat=0.117920226
[231/372] 62% | ETA 0m05s | sigma=1/4 gamma=36.0 N=35 Delta=1.154734002 Delta_hat=0.118944812
[232/372] 62% | ETA 0m05s | sigma=1/4 gamma=36.5 N=36 Delta=2.710485440 Delta_hat=0.120011577
[233/372] 62% | ETA 0m05s | sigma=1/4 gamma=37.0 N=36 Delta=6.349641058 Delta_hat=0.121065582
[234/372] 62% | ETA 0m05s | sigma=1/4 gamma=37.5 N=36 Delta=1.485280304 Delta_hat=0.122061589
[235/372] 63% | ETA 0m05s | sigma=1/4 gamma=38.0 N=36 Delta=3.470384960 Delta_hat=0.122974266
[236/372] 63% | ETA 0m05s | sigma=1/4 gamma=38.5 N=37 Delta=8.100558945 Delta_hat=0.123804613
[237/372] 63% | ETA 0m05s | sigma=1/4 gamma=39.0 N=37 Delta=1.888753072 Delta_hat=0.124580766
[238/372] 63% | ETA 0m05s | sigma=1/4 gamma=40.0 N=38 Delta=1.022008851 Delta_hat=0.126183443
[239/372] 64% | ETA 0m05s | sigma=1/4 gamma=39.5 N=37 Delta=4.397657138 Delta_hat=0.125352867
[240/372] 64% | ETA 0m05s | sigma=1/4 gamma=41.0 N=38 Delta=5.478094222 Delta_hat=0.128263105
[241/372] 64% | ETA 0m05s | sigma=1/4 gamma=40.5 N=38 Delta=2.369494305 Delta_hat=0.127135815
[242/372] 65% | ETA 0m05s | sigma=1/4 gamma=41.5 N=38 Delta=1.262540389 Delta_hat=0.129599739
[243/372] 65% | ETA 0m05s | sigma=1/4 gamma=42.0 N=39 Delta=2.900431755 Delta_hat=0.131156436
[244/372] 65% | ETA 0m05s | sigma=1/4 gamma=43.0 N=39 Delta=1.517132496 Delta_hat=0.134851623
[245/372] 65% | ETA 0m05s | sigma=1/4 gamma=42.5 N=39 Delta=6.642629994 Delta_hat=0.132919084
[246/372] 66% | ETA 0m05s | sigma=1/4 gamma=43.5 N=40 Delta=3.457148901 Delta_hat=0.136902764
[247/372] 66% | ETA 0m04s | sigma=1/4 gamma=44.0 N=40 Delta=7.864085871 Delta_hat=0.139015901
[248/372] 66% | ETA 0m04s | sigma=1/4 gamma=44.5 N=40 Delta=1.786550591 Delta_hat=0.141140580
[249/372] 66% | ETA 0m04s | sigma=1/4 gamma=45.0 N=40 Delta=4.054726390 Delta_hat=0.143243002
[250/372] 67% | ETA 0m04s | sigma=1/4 gamma=45.5 N=41 Delta=9.194942925 Delta_hat=0.145312633
[251/372] 67% | ETA 0m04s | sigma=1/4 gamma=46.0 N=41 Delta=2.083332255 Delta_hat=0.147362757
[252/372] 67% | ETA 0m04s | sigma=1/4 gamma=46.5 N=41 Delta=4.715293976 Delta_hat=0.149424494
[253/372] 68% | ETA 0m04s | sigma=1/4 gamma=47.0 N=41 Delta=1.065839069 Delta_hat=0.151535782
[254/372] 68% | ETA 0m04s | sigma=1/4 gamma=47.5 N=42 Delta=2.405552296 Delta_hat=0.153728168
[255/372] 68% | ETA 0m04s | sigma=1/4 gamma=48.0 N=42 Delta=5.420523217 Delta_hat=0.156014604
[256/372] 68% | ETA 0m04s | sigma=1/4 gamma=48.5 N=42 Delta=1.219594158 Delta_hat=0.158381038
[257/372] 69% | ETA 0m04s | sigma=1/4 gamma=49.0 N=42 Delta=2.740749308 Delta_hat=0.160783853
[258/372] 69% | ETA 0m04s | sigma=1/4 gamma=49.5 N=43 Delta=6.154695817 Delta_hat=0.163154260
[259/372] 69% | ETA 0m04s | sigma=1/4 gamma=50.0 N=43 Delta=1.381867750 Delta_hat=0.165409534
[260/372] 69% | ETA 0m04s | sigma=1/4 gamma=50.5 N=43 Delta=3.103686684 Delta_hat=0.167469180
[261/372] 70% | ETA 0m04s | sigma=1/4 gamma=51.0 N=43 Delta=6.976117268 Delta_hat=0.169272167
[262/372] 70% | ETA 0m04s | sigma=1/4 gamma=51.5 N=44 Delta=1.569489616 Delta_hat=0.170790154
[263/372] 70% | ETA 0m04s | sigma=1/4 gamma=52.0 N=44 Delta=3.534239660 Delta_hat=0.172032319
[264/372] 70% | ETA 0m04s | sigma=1/4 gamma=52.5 N=44 Delta=7.963853624 Delta_hat=0.173040063
[265/372] 71% | ETA 0m04s | sigma=1/4 gamma=53.0 N=44 Delta=1.795077301 Delta_hat=0.173873513
[266/372] 71% | ETA 0m04s | sigma=1/4 gamma=53.5 N=45 Delta=4.045838223 Delta_hat=0.174594418
[267/372] 71% | ETA 0m04s | sigma=1/4 gamma=54.0 N=45 Delta=9.115157828 Delta_hat=0.175250771
[268/372] 72% | ETA 0m04s | sigma=1/4 gamma=54.5 N=45 Delta=2.052464053 Delta_hat=0.175867373
[269/372] 72% | ETA 0m04s | sigma=1/4 gamma=55.0 N=45 Delta=4.618874380 Delta_hat=0.176444398
[270/372] 72% | ETA 0m04s | sigma=1/4 gamma=55.5 N=46 Delta=1.038946760 Delta_hat=0.176963866
[271/372] 72% | ETA 0m04s | sigma=1/4 gamma=56.0 N=46 Delta=2.336236781 Delta_hat=0.177401869
[272/372] 73% | ETA 0m03s | sigma=1/4 gamma=56.5 N=46 Delta=5.252440202 Delta_hat=0.177742839
[273/372] 73% | ETA 0m03s | sigma=1/4 gamma=57.0 N=46 Delta=1.180678288 Delta_hat=0.177991344
[274/372] 73% | ETA 0m03s | sigma=1/4 gamma=57.5 N=47 Delta=2.653181912 Delta_hat=0.178177488
[275/372] 73% | ETA 0m03s | sigma=1/4 gamma=58.0 N=47 Delta=5.958575625 Delta_hat=0.178354040
[276/372] 74% | ETA 0m03s | sigma=1/4 gamma=58.5 N=47 Delta=1.336879208 Delta_hat=0.178586255
[277/372] 74% | ETA 0m03s | sigma=1/4 gamma=59.0 N=47 Delta=2.995342756 Delta_hat=0.178937659
[278/372] 74% | ETA 0m03s | sigma=1/4 gamma=59.5 N=47 Delta=6.699953314 Delta_hat=0.179456045
[279/372] 75% | ETA 0m03s | sigma=1/4 gamma=60.0 N=48 Delta=1.495897376 Delta_hat=0.180163319
[280/372] 75% | ETA 0m03s | sigma=0.45 gamma=14.0 N=20 Delta=7.367147288 Delta_hat=0.104280337
[281/372] 75% | ETA 0m03s | sigma=0.45 gamma=14.5 N=21 Delta=2.213370927 Delta_hat=0.111667118
[282/372] 75% | ETA 0m03s | sigma=0.45 gamma=15.0 N=21 Delta=6.517322511 Delta_hat=0.119455171
[283/372] 76% | ETA 0m03s | sigma=0.45 gamma=15.5 N=22 Delta=1.882357395 Delta_hat=0.127666779
[284/372] 76% | ETA 0m03s | sigma=0.45 gamma=16.0 N=22 Delta=5.337795116 Delta_hat=0.136316844
[285/372] 76% | ETA 0m03s | sigma=0.45 gamma=17.0 N=23 Delta=4.080419527 Delta_hat=0.154921800
[286/372] 76% | ETA 0m03s | sigma=0.45 gamma=16.5 N=22 Delta=1.487707921 Delta_hat=0.145407584
[287/372] 77% | ETA 0m03s | sigma=0.45 gamma=17.5 N=23 Delta=1.102879775 Delta_hat=0.164814943
[288/372] 77% | ETA 0m03s | sigma=0.45 gamma=18.0 N=23 Delta=2.942118019 Delta_hat=0.175006841
[289/372] 77% | ETA 0m03s | sigma=0.45 gamma=19.0 N=24 Delta=2.026826067 Delta_hat=0.195749976
[290/372] 77% | ETA 0m03s | sigma=0.45 gamma=18.5 N=24 Delta=7.759464969 Delta_hat=0.185374703
[291/372] 78% | ETA 0m03s | sigma=0.45 gamma=19.5 N=25 Delta=5.252955132 Delta_hat=0.205922236
[292/372] 78% | ETA 0m03s | sigma=0.45 gamma=20.0 N=25 Delta=1.353208846 Delta_hat=0.215653010
[293/372] 78% | ETA 0m03s | sigma=0.45 gamma=20.5 N=25 Delta=3.470664637 Delta_hat=0.224700587
[294/372] 79% | ETA 0m03s | sigma=0.45 gamma=21.0 N=26 Delta=8.874799083 Delta_hat=0.232853354
[295/372] 79% | ETA 0m03s | sigma=0.45 gamma=21.5 N=26 Delta=2.265026843 Delta_hat=0.239965047
[296/372] 79% | ETA 0m03s | sigma=0.45 gamma=22.0 N=26 Delta=5.773756199 Delta_hat=0.245982560
[297/372] 79% | ETA 0m02s | sigma=0.45 gamma=22.5 N=27 Delta=1.470388467 Delta_hat=0.250957742
[298/372] 80% | ETA 0m02s | sigma=0.45 gamma=23.0 N=27 Delta=3.740546991 Delta_hat=0.255039257
[299/372] 80% | ETA 0m02s | sigma=0.45 gamma=23.5 N=27 Delta=9.500701698 Delta_hat=0.258447128
[300/372] 80% | ETA 0m02s | sigma=0.45 gamma=24.0 N=28 Delta=2.407522191 Delta_hat=0.261437594
[301/372] 80% | ETA 0m02s | sigma=0.45 gamma=24.5 N=28 Delta=6.081286786 Delta_hat=0.264267260
[302/372] 81% | ETA 0m02s | sigma=0.45 gamma=25.0 N=29 Delta=1.529830391 Delta_hat=0.267163333
[303/372] 81% | ETA 0m02s | sigma=0.45 gamma=25.5 N=29 Delta=3.829780949 Delta_hat=0.270302885
[304/372] 81% | ETA 0m02s | sigma=0.45 gamma=26.0 N=29 Delta=9.535424637 Delta_hat=0.273800816
[305/372] 81% | ETA 0m02s | sigma=0.45 gamma=26.5 N=30 Delta=2.360576545 Delta_hat=0.277704516
[306/372] 82% | ETA 0m02s | sigma=0.45 gamma=27.0 N=30 Delta=5.810649599 Delta_hat=0.281993266
[307/372] 82% | ETA 0m02s | sigma=0.45 gamma=27.5 N=30 Delta=1.422709255 Delta_hat=0.286581586
[308/372] 82% | ETA 0m02s | sigma=0.45 gamma=28.0 N=30 Delta=3.467140906 Delta_hat=0.291327149
[309/372] 83% | ETA 0m02s | sigma=0.45 gamma=28.5 N=31 Delta=8.417052913 Delta_hat=0.296044848
[310/372] 83% | ETA 0m02s | sigma=0.45 gamma=29.0 N=31 Delta=2.037497800 Delta_hat=0.300528402
[311/372] 83% | ETA 0m02s | sigma=0.45 gamma=29.5 N=31 Delta=4.922576721 Delta_hat=0.304579038
[312/372] 83% | ETA 0m02s | sigma=0.45 gamma=30.0 N=32 Delta=1.187951030 Delta_hat=0.308037715
[313/372] 84% | ETA 0m02s | sigma=0.45 gamma=30.5 N=32 Delta=2.865274909 Delta_hat=0.310814216
[314/372] 84% | ETA 0m02s | sigma=0.45 gamma=31.5 N=33 Delta=1.665436845 Delta_hat=0.314395692
[315/372] 84% | ETA 0m02s | sigma=0.45 gamma=31.0 N=32 Delta=6.909013883 Delta_hat=0.312905238
[316/372] 84% | ETA 0m02s | sigma=0.45 gamma=32.5 N=33 Delta=9.652839549 Delta_hat=0.316244627
[317/372] 85% | ETA 0m02s | sigma=0.45 gamma=32.0 N=33 Delta=4.011949242 Delta_hat=0.315442377
[318/372] 85% | ETA 0m02s | sigma=0.45 gamma=33.5 N=34 Delta=5.552668700 Delta_hat=0.317921790
[319/372] 85% | ETA 0m02s | sigma=0.45 gamma=33.0 N=34 Delta=2.318111783 Delta_hat=0.317009854
[320/372] 86% | ETA 0m02s | sigma=0.45 gamma=34.0 N=34 Delta=1.325913787 Delta_hat=0.319116664
[321/372] 86% | ETA 0m02s | sigma=0.45 gamma=34.5 N=34 Delta=3.155152314 Delta_hat=0.320669348
[322/372] 86% | ETA 0m01s | sigma=0.45 gamma=35.0 N=35 Delta=7.481199906 Delta_hat=0.322589293
[323/372] 86% | ETA 0m01s | sigma=0.45 gamma=35.5 N=35 Delta=1.767803699 Delta_hat=0.324825301
[324/372] 87% | ETA 0m01s | sigma=0.45 gamma=36.0 N=35 Delta=4.164566733 Delta_hat=0.327278229
[325/372] 87% | ETA 0m01s | sigma=0.45 gamma=36.5 N=36 Delta=9.785940373 Delta_hat=0.329820713
[326/372] 87% | ETA 0m01s | sigma=0.45 gamma=37.0 N=36 Delta=2.294965477 Delta_hat=0.332322211
[327/372] 87% | ETA 0m01s | sigma=0.45 gamma=37.5 N=36 Delta=5.374137699 Delta_hat=0.334675911
[328/372] 88% | ETA 0m01s | sigma=0.45 gamma=38.0 N=36 Delta=1.257050701 Delta_hat=0.336822311
[329/372] 88% | ETA 0m01s | sigma=0.45 gamma=38.5 N=37 Delta=2.937430707 Delta_hat=0.338763710
[330/372] 88% | ETA 0m01s | sigma=0.45 gamma=39.0 N=37 Delta=6.856638657 Delta_hat=0.340565508
[331/372] 88% | ETA 0m01s | sigma=0.45 gamma=39.5 N=37 Delta=1.598275288 Delta_hat=0.342343772
[332/372] 89% | ETA 0m01s | sigma=0.45 gamma=40.0 N=38 Delta=3.718737200 Delta_hat=0.344242464
[333/372] 89% | ETA 0m01s | sigma=0.45 gamma=40.5 N=38 Delta=8.632361255 Delta_hat=0.346406174
[334/372] 89% | ETA 0m01s | sigma=0.45 gamma=41.0 N=38 Delta=1.998317427 Delta_hat=0.348954418
[335/372] 90% | ETA 0m01s | sigma=0.45 gamma=41.5 N=38 Delta=4.611830459 Delta_hat=0.351961959
[336/372] 90% | ETA 0m01s | sigma=0.45 gamma=42.0 N=39 Delta=1.061006416 Delta_hat=0.355447662
[337/372] 90% | ETA 0m01s | sigma=0.45 gamma=42.5 N=39 Delta=2.433643702 Delta_hat=0.359372792
[338/372] 90% | ETA 0m01s | sigma=0.45 gamma=43.0 N=39 Delta=5.567167248 Delta_hat=0.363648887
[339/372] 91% | ETA 0m01s | sigma=0.45 gamma=43.5 N=40 Delta=1.270724114 Delta_hat=0.368154466
[340/372] 91% | ETA 0m01s | sigma=0.45 gamma=44.0 N=40 Delta=2.895528653 Delta_hat=0.372758546
[341/372] 91% | ETA 0m01s | sigma=0.45 gamma=44.5 N=40 Delta=6.589623470 Delta_hat=0.377346894
[342/372] 91% | ETA 0m01s | sigma=0.45 gamma=45.0 N=40 Delta=1.498261086 Delta_hat=0.381845098
[343/372] 92% | ETA 0m01s | sigma=0.45 gamma=45.5 N=41 Delta=3.403827342 Delta_hat=0.386232114
[344/372] 92% | ETA 0m01s | sigma=0.45 gamma=46.0 N=41 Delta=7.726442836 Delta_hat=0.390539971
[345/372] 92% | ETA 0m01s | sigma=0.45 gamma=46.5 N=41 Delta=1.752030559 Delta_hat=0.394839199
[346/372] 93% | ETA 0m01s | sigma=0.45 gamma=47.0 N=41 Delta=3.967759303 Delta_hat=0.399213822
[347/372] 93% | ETA 0m00s | sigma=0.45 gamma=47.5 N=42 Delta=8.972166453 Delta_hat=0.403732457
[348/372] 93% | ETA 0m00s | sigma=0.45 gamma=48.0 N=42 Delta=2.025620799 Delta_hat=0.408422612
[349/372] 93% | ETA 0m00s | sigma=0.45 gamma=48.5 N=42 Delta=4.566330856 Delta_hat=0.413254084
[350/372] 94% | ETA 0m00s | sigma=0.45 gamma=49.0 N=42 Delta=1.028133442 Delta_hat=0.418135415
[351/372] 94% | ETA 0m00s | sigma=0.45 gamma=49.5 N=43 Delta=2.313118619 Delta_hat=0.422925085
[352/372] 94% | ETA 0m00s | sigma=0.45 gamma=50.0 N=43 Delta=5.202841630 Delta_hat=0.427456304
[353/372] 94% | ETA 0m00s | sigma=0.45 gamma=50.5 N=43 Delta=1.170564693 Delta_hat=0.431570703
[354/372] 95% | ETA 0m00s | sigma=0.45 gamma=51.0 N=43 Delta=2.635276827 Delta_hat=0.435152686
[355/372] 95% | ETA 0m00s | sigma=0.45 gamma=52.0 N=44 Delta=1.338855957 Delta_hat=0.440603719
[356/372] 95% | ETA 0m00s | sigma=0.45 gamma=51.5 N=44 Delta=5.937608859 Delta_hat=0.438154466
[357/372] 95% | ETA 0m00s | sigma=0.45 gamma=52.5 N=44 Delta=3.020592352 Delta_hat=0.442591247
[358/372] 96% | ETA 0m00s | sigma=0.45 gamma=53.0 N=44 Delta=6.816075896 Delta_hat=0.444242957
[359/372] 96% | ETA 0m00s | sigma=0.45 gamma=53.5 N=45 Delta=1.537801386 Delta_hat=0.445685380
[360/372] 96% | ETA 0m00s | sigma=0.45 gamma=54.0 N=45 Delta=3.467856331 Delta_hat=0.447015178
[361/372] 97% | ETA 0m00s | sigma=0.45 gamma=55.0 N=45 Delta=1.760185096 Delta_hat=0.449479890
[362/372] 97% | ETA 0m00s | sigma=0.45 gamma=54.5 N=45 Delta=7.815340421 Delta_hat=0.448280738
[363/372] 97% | ETA 0m00s | sigma=0.45 gamma=55.5 N=46 Delta=3.962258760 Delta_hat=0.450573383
[364/372] 97% | ETA 0m00s | sigma=0.45 gamma=56.0 N=46 Delta=8.916084433 Delta_hat=0.451509768
[365/372] 98% | ETA 0m00s | sigma=0.45 gamma=56.5 N=46 Delta=2.005905136 Delta_hat=0.452254213
[366/372] 98% | ETA 0m00s | sigma=0.45 gamma=57.0 N=46 Delta=4.511930052 Delta_hat=0.452812307
[367/372] 98% | ETA 0m00s | sigma=0.45 gamma=57.5 N=47 Delta=1.014556084 Delta_hat=0.453241034
[368/372] 98% | ETA 0m00s | sigma=0.45 gamma=58.0 N=47 Delta=2.280001318 Delta_hat=0.453643190
[369/372] 99% | ETA 0m00s | sigma=0.45 gamma=58.5 N=47 Delta=5.118973427 Delta_hat=0.454147041
[370/372] 99% | ETA 0m00s | sigma=0.45 gamma=59.0 N=47 Delta=1.147778441 Delta_hat=0.454877724
[371/372] 99% | ETA 0m00s | sigma=0.45 gamma=59.5 N=47 Delta=2.569408702 Delta_hat=0.455928918
[372/372] 100% | ETA 0m00s | sigma=0.45 gamma=60.0 N=48 Delta=5.741765050 Delta_hat=0.457342355
written /Users/emalam/GitHub/rh_lean_01_2026/docs/routeB_bus/proshka/theta_folded_contour_checks_2026-09-17/dh_control/pair_delta_map.json
sigma=1/64: Delta>0 at 93/93; Delta_hat min 0.00013517 at gamma=14.0, max 0.00079549; Delta_hat/sigma^2 min 0.55365 max 3.2583
sigma=1/8: Delta>0 at 93/93; Delta_hat min 0.0086021 at gamma=14.0, max 0.049348; Delta_hat/sigma^2 min 0.55053 max 3.1583
sigma=1/4: Delta>0 at 93/93; Delta_hat min 0.033827 at gamma=14.0, max 0.18016; Delta_hat/sigma^2 min 0.54123 max 2.8826
sigma=0.45: Delta>0 at 93/93; Delta_hat min 0.10428 at gamma=14.0, max 0.45734; Delta_hat/sigma^2 min 0.51496 max 2.2585
