pair delta: 51 tasks, workers 2
[1/51] 1% | ETA 0m14s | sigma=0.308517182456637385553351960607 gamma=85.6993484853776 N=10 Delta=1.334780344 Delta_hat=0.647648144
[2/51] 3% | ETA 0m07s | sigma=0.308517182456637385553351960607 gamma=85.6993484853776 N=11 Delta=1.334967345 Delta_hat=0.647594298
[3/51] 5% | ETA 0m09s | sigma=0.308517182456637385553351960607 gamma=85.6993484853776 N=12 Delta=1.334971881 Delta_hat=0.647592992
[4/51] 7% | ETA 0m07s | sigma=0.308517182456637385553351960607 gamma=85.6993484853776 N=13 Delta=1.334973346 Delta_hat=0.647592570
[5/51] 9% | ETA 0m08s | sigma=0.308517182456637385553351960607 gamma=85.6993484853776 N=14 Delta=1.334979344 Delta_hat=0.647590842
[6/51] 11% | ETA 0m07s | sigma=0.308517182456637385553351960607 gamma=85.6993484853776 N=15 Delta=1.334979344 Delta_hat=0.647590842
[7/51] 13% | ETA 0m08s | sigma=0.308517182456637385553351960607 gamma=85.6993484853776 N=16 Delta=1.334979983 Delta_hat=0.647590659
[8/51] 15% | ETA 0m07s | sigma=0.308517182456637385553351960607 gamma=85.6993484853776 N=17 Delta=1.334979999 Delta_hat=0.647590654
[9/51] 17% | ETA 0m08s | sigma=0.308517182456637385553351960607 gamma=85.6993484853776 N=18 Delta=1.334980004 Delta_hat=0.647590653
[10/51] 19% | ETA 0m08s | sigma=0.308517182456637385553351960607 gamma=85.6993484853776 N=19 Delta=1.334980021 Delta_hat=0.647590648
[11/51] 21% | ETA 0m08s | sigma=0.308517182456637385553351960607 gamma=85.6993484853776 N=20 Delta=1.334980021 Delta_hat=0.647590648
[12/51] 23% | ETA 0m09s | sigma=0.308517182456637385553351960607 gamma=85.6993484853776 N=21 Delta=1.334980023 Delta_hat=0.647590647
[13/51] 25% | ETA 0m09s | sigma=0.308517182456637385553351960607 gamma=85.6993484853776 N=22 Delta=1.334980023 Delta_hat=0.647590647
[14/51] 27% | ETA 0m10s | sigma=0.308517182456637385553351960607 gamma=85.6993484853776 N=23 Delta=1.334980023 Delta_hat=0.647590647
[15/51] 29% | ETA 0m10s | sigma=0.308517182456637385553351960607 gamma=85.6993484853776 N=24 Delta=1.334980023 Delta_hat=0.647590647
[16/51] 31% | ETA 0m11s | sigma=0.308517182456637385553351960607 gamma=85.6993484853776 N=25 Delta=1.334980023 Delta_hat=0.647590647
[17/51] 33% | ETA 0m11s | sigma=0.308517182456637385553351960607 gamma=85.6993484853776 N=26 Delta=1.334980023 Delta_hat=0.647590647
[18/51] 35% | ETA 0m11s | sigma=0.308517182456637385553351960607 gamma=85.6993484853776 N=27 Delta=1.334980023 Delta_hat=0.647590647
[19/51] 37% | ETA 0m11s | sigma=0.308517182456637385553351960607 gamma=85.6993484853776 N=28 Delta=1.334980023 Delta_hat=0.647590647
[20/51] 39% | ETA 0m11s | sigma=0.308517182456637385553351960607 gamma=85.6993484853776 N=29 Delta=1.334980023 Delta_hat=0.647590647
[21/51] 41% | ETA 0m11s | sigma=0.308517182456637385553351960607 gamma=85.6993484853776 N=30 Delta=1.334980023 Delta_hat=0.647590647
[22/51] 43% | ETA 0m11s | sigma=0.308517182456637385553351960607 gamma=85.6993484853776 N=31 Delta=1.334980023 Delta_hat=0.647590647
[23/51] 45% | ETA 0m11s | sigma=0.308517182456637385553351960607 gamma=85.6993484853776 N=32 Delta=1.334980023 Delta_hat=0.647590647
[24/51] 47% | ETA 0m11s | sigma=0.308517182456637385553351960607 gamma=85.6993484853776 N=33 Delta=1.334980023 Delta_hat=0.647590647
[25/51] 49% | ETA 0m11s | sigma=0.308517182456637385553351960607 gamma=85.6993484853776 N=34 Delta=1.334980023 Delta_hat=0.647590647
[26/51] 50% | ETA 0m11s | sigma=0.308517182456637385553351960607 gamma=85.6993484853776 N=35 Delta=1.334980023 Delta_hat=0.647590647
[27/51] 52% | ETA 0m10s | sigma=0.308517182456637385553351960607 gamma=85.6993484853776 N=36 Delta=1.334980023 Delta_hat=0.647590647
[28/51] 54% | ETA 0m10s | sigma=0.308517182456637385553351960607 gamma=85.6993484853776 N=37 Delta=1.334980023 Delta_hat=0.647590647
[29/51] 56% | ETA 0m10s | sigma=0.308517182456637385553351960607 gamma=85.6993484853776 N=38 Delta=1.334980023 Delta_hat=0.647590647
[30/51] 58% | ETA 0m09s | sigma=0.308517182456637385553351960607 gamma=85.6993484853776 N=39 Delta=1.334980023 Delta_hat=0.647590647
[31/51] 60% | ETA 0m09s | sigma=0.308517182456637385553351960607 gamma=85.6993484853776 N=40 Delta=1.334980023 Delta_hat=0.647590647
[32/51] 62% | ETA 0m09s | sigma=0.308517182456637385553351960607 gamma=85.6993484853776 N=41 Delta=1.334980023 Delta_hat=0.647590647
[33/51] 64% | ETA 0m08s | sigma=0.308517182456637385553351960607 gamma=85.6993484853776 N=42 Delta=1.334980023 Delta_hat=0.647590647
[34/51] 66% | ETA 0m08s | sigma=0.308517182456637385553351960607 gamma=85.6993484853776 N=43 Delta=1.334980023 Delta_hat=0.647590647
[35/51] 68% | ETA 0m08s | sigma=0.308517182456637385553351960607 gamma=85.6993484853776 N=44 Delta=1.334980023 Delta_hat=0.647590647
[36/51] 70% | ETA 0m07s | sigma=0.308517182456637385553351960607 gamma=85.6993484853776 N=45 Delta=1.334980023 Delta_hat=0.647590647
[37/51] 72% | ETA 0m07s | sigma=0.308517182456637385553351960607 gamma=85.6993484853776 N=46 Delta=1.334980023 Delta_hat=0.647590647
[38/51] 74% | ETA 0m06s | sigma=0.308517182456637385553351960607 gamma=85.6993484853776 N=47 Delta=1.334980023 Delta_hat=0.647590647
[39/51] 76% | ETA 0m06s | sigma=0.308517182456637385553351960607 gamma=85.6993484853776 N=48 Delta=1.334980023 Delta_hat=0.647590647
[40/51] 78% | ETA 0m05s | sigma=0.308517182456637385553351960607 gamma=85.6993484853776 N=49 Delta=1.334980023 Delta_hat=0.647590647
[41/51] 80% | ETA 0m05s | sigma=0.308517182456637385553351960607 gamma=85.6993484853776 N=50 Delta=1.334980023 Delta_hat=0.647590647
[42/51] 82% | ETA 0m04s | sigma=0.308517182456637385553351960607 gamma=85.6993484853776 N=51 Delta=1.334980023 Delta_hat=0.647590647
[43/51] 84% | ETA 0m04s | sigma=0.308517182456637385553351960607 gamma=85.6993484853776 N=52 Delta=1.334980023 Delta_hat=0.647590647
[44/51] 86% | ETA 0m03s | sigma=0.308517182456637385553351960607 gamma=85.6993484853776 N=53 Delta=1.334980023 Delta_hat=0.647590647
[45/51] 88% | ETA 0m03s | sigma=0.308517182456637385553351960607 gamma=85.6993484853776 N=54 Delta=1.334980023 Delta_hat=0.647590647
[46/51] 90% | ETA 0m02s | sigma=0.308517182456637385553351960607 gamma=85.6993484853776 N=55 Delta=1.334980023 Delta_hat=0.647590647
[47/51] 92% | ETA 0m02s | sigma=0.308517182456637385553351960607 gamma=85.6993484853776 N=56 Delta=1.334980023 Delta_hat=0.647590647
[48/51] 94% | ETA 0m01s | sigma=0.308517182456637385553351960607 gamma=85.6993484853776 N=57 Delta=1.334980023 Delta_hat=0.647590647
[49/51] 96% | ETA 0m01s | sigma=0.308517182456637385553351960607 gamma=85.6993484853776 N=58 Delta=1.334980023 Delta_hat=0.647590647
[50/51] 98% | ETA 0m00s | sigma=0.308517182456637385553351960607 gamma=85.6993484853776 N=59 Delta=1.334980023 Delta_hat=0.647590647
[51/51] 100% | ETA 0m00s | sigma=0.308517182456637385553351960607 gamma=85.6993484853776 N=60 Delta=1.334980023 Delta_hat=0.647590647
written pair_delta_spira_dps150.json
all Delta > 0: True monotone increasing: False
N=10  Delta=1.334780344480 Delta_hat=0.647648144822
N=15  Delta=1.334979344836 Delta_hat=0.647590842970
N=20  Delta=1.334980021770 Delta_hat=0.647590648035
N=25  Delta=1.334980023131 Delta_hat=0.647590647643
N=30  Delta=1.334980023132 Delta_hat=0.647590647643
N=35  Delta=1.334980023132 Delta_hat=0.647590647643
N=40  Delta=1.334980023132 Delta_hat=0.647590647643
N=45  Delta=1.334980023132 Delta_hat=0.647590647643
N=50  Delta=1.334980023132 Delta_hat=0.647590647643
N=55  Delta=1.334980023132 Delta_hat=0.647590647643
N=60  Delta=1.334980023132 Delta_hat=0.647590647643
