tau lemma: 2800 balls (T 30.25..80.0 step 0.25, 7 sigmas, n <= 2), arb dps 80, workers 8
[25/2800] 0% | ETA 0m32s | n=1 sigma=3/8 T=30.5 Re_tau=0.7956971 t0=0.790933 OK
[50/2800] 1% | ETA 0m26s | n=2 sigma=1/4 T=31.0 Re_tau=0.1276565 t0=0.105885 OK
[75/2800] 2% | ETA 0m21s | n=1 sigma=1/16 T=31.5 Re_tau=0.8113049 t0=0.807002 OK
[100/2800] 3% | ETA 0m21s | n=2 sigma=1/2 T=31.75 Re_tau=0.1346917 t0=0.117793 OK
[125/2800] 4% | ETA 0m19s | n=1 sigma=1/2 T=32.25 Re_tau=0.8202784 t0=0.818725 OK
[150/2800] 5% | ETA 0m19s | n=2 sigma=1/4 T=32.75 Re_tau=0.1421115 t0=0.133244 OK
[175/2800] 6% | ETA 0m18s | n=1 sigma=1/16 T=33.25 Re_tau=0.8307867 t0=0.833941 OK
[200/2800] 7% | ETA 0m18s | n=2 sigma=1/32 T=33.75 Re_tau=0.1496701 t0=0.148233 OK
[225/2800] 8% | ETA 0m18s | n=1 sigma=1/32 T=34.25 Re_tau=0.8429111 t0=0.848709 OK
[250/2800] 8% | ETA 0m18s | n=2 sigma=3/8 T=34.5 Re_tau=0.1577982 t0=0.159187 OK
[275/2800] 9% | ETA 0m18s | n=1 sigma=1/4 T=35.0 Re_tau=0.8551977 t0=0.859507 OK
[300/2800] 10% | ETA 0m17s | n=2 sigma=1/16 T=35.5 Re_tau=0.1652072 t0=0.173431 OK
[325/2800] 11% | ETA 0m17s | n=1 sigma=1/32 T=36.0 Re_tau=0.8712143 t0=0.873551 OK
[350/2800] 12% | ETA 0m17s | n=2 sigma=1/2 T=36.25 Re_tau=0.1744229 t0=0.183855 OK
[375/2800] 13% | ETA 0m17s | n=1 sigma=3/8 T=36.75 Re_tau=0.8845773 t0=0.883832 OK
[400/2800] 14% | ETA 0m16s | n=2 sigma=1/16 T=37.25 Re_tau=0.1815244 t0=0.197424 OK
[425/2800] 15% | ETA 0m16s | n=1 sigma=1/16 T=37.75 Re_tau=0.9004669 t0=0.897220 OK
[450/2800] 16% | ETA 0m16s | n=2 sigma=1/64 T=38.25 Re_tau=0.1910873 t0=0.210635 OK
[475/2800] 16% | ETA 0m16s | n=1 sigma=1/2 T=38.5 Re_tau=0.9095612 t0=0.907031 OK
[500/2800] 17% | ETA 0m16s | n=2 sigma=1/4 T=39.0 Re_tau=0.2002317 t0=0.220320 OK
[525/2800] 18% | ETA 0m16s | n=1 sigma=1/8 T=39.5 Re_tau=0.9205696 t0=0.919821 OK
[550/2800] 19% | ETA 0m15s | n=2 sigma=1/32 T=40.0 Re_tau=0.2095830 t0=0.232949 OK
[575/2800] 20% | ETA 0m15s | n=1 sigma=1/64 T=40.5 Re_tau=0.9297281 t0=0.932293 OK
[600/2800] 21% | ETA 0m15s | n=2 sigma=3/8 T=40.75 Re_tau=0.2202585 t0=0.242216 OK
[625/2800] 22% | ETA 0m15s | n=1 sigma=1/4 T=41.25 Re_tau=0.9384508 t0=0.941447 OK
[650/2800] 23% | ETA 0m15s | n=2 sigma=1/16 T=41.75 Re_tau=0.2301104 t0=0.254311 OK
[675/2800] 24% | ETA 0m15s | n=1 sigma=1/32 T=42.25 Re_tau=0.9502545 t0=0.953398 OK
[700/2800] 25% | ETA 0m14s | n=2 sigma=1/2 T=42.5 Re_tau=0.2423146 t0=0.263194 OK
[725/2800] 25% | ETA 0m14s | n=1 sigma=3/8 T=43.0 Re_tau=0.9615235 t0=0.962178 OK
[750/2800] 26% | ETA 0m14s | n=2 sigma=1/8 T=43.5 Re_tau=0.2532621 t0=0.274799 OK
[775/2800] 27% | ETA 0m14s | n=1 sigma=1/16 T=44.0 Re_tau=0.9752083 t0=0.973650 OK
[800/2800] 28% | ETA 0m14s | n=2 sigma=1/64 T=44.5 Re_tau=0.2668846 t0=0.286142 OK
[825/2800] 29% | ETA 0m14s | n=1 sigma=1/2 T=44.75 Re_tau=0.9838857 t0=0.982085 OK
[850/2800] 30% | ETA 0m14s | n=2 sigma=1/4 T=45.25 Re_tau=0.2794081 t0=0.294483 OK
[875/2800] 31% | ETA 0m13s | n=1 sigma=1/8 T=45.75 Re_tau=0.9943015 t0=0.993115 OK
[900/2800] 32% | ETA 0m13s | n=2 sigma=1/32 T=46.25 Re_tau=0.2942726 t0=0.305393 OK
[925/2800] 33% | ETA 0m13s | n=1 sigma=1/64 T=46.75 Re_tau=1.0025891 t0=1.003907 OK
[950/2800] 33% | ETA 0m13s | n=2 sigma=3/8 T=47.0 Re_tau=0.3075684 t0=0.313422 OK
[975/2800] 34% | ETA 0m13s | n=1 sigma=1/4 T=47.5 Re_tau=1.0098300 t0=1.011851 OK
[1000/2800] 35% | ETA 0m13s | n=2 sigma=1/16 T=48.0 Re_tau=0.3236941 t0=0.323931 OK
[1025/2800] 36% | ETA 0m13s | n=1 sigma=1/32 T=48.5 Re_tau=1.0197876 t0=1.022251 OK
[1050/2800] 37% | ETA 0m12s | n=2 sigma=1/2 T=48.75 Re_tau=0.3358848 t0=0.331671 OK
[1075/2800] 38% | ETA 0m12s | n=1 sigma=3/8 T=49.25 Re_tau=1.0293438 t0=1.029912 OK
[1100/2800] 39% | ETA 0m12s | n=2 sigma=1/8 T=49.75 Re_tau=0.3522452 t0=0.341807 OK
[1125/2800] 40% | ETA 0m12s | n=1 sigma=1/16 T=50.25 Re_tau=1.0410957 t0=1.039947 OK
[1150/2800] 41% | ETA 0m12s | n=2 sigma=1/64 T=50.75 Re_tau=0.3672436 t0=0.351743 OK
[1175/2800] 41% | ETA 0m12s | n=1 sigma=1/2 T=51.0 Re_tau=1.0486424 t0=1.047344 OK
[1200/2800] 42% | ETA 0m11s | n=2 sigma=1/4 T=51.5 Re_tau=0.3752663 t0=0.359068 OK
[1225/2800] 43% | ETA 0m11s | n=1 sigma=1/8 T=52.0 Re_tau=1.0577176 t0=1.057039 OK
[1250/2800] 44% | ETA 0m11s | n=2 sigma=1/32 T=52.5 Re_tau=0.3865580 t0=0.368670 OK
[1275/2800] 45% | ETA 0m11s | n=1 sigma=1/64 T=53.0 Re_tau=1.0652106 t0=1.066550 OK
[1300/2800] 46% | ETA 0m11s | n=2 sigma=3/8 T=53.25 Re_tau=0.3903004 t0=0.375753 OK
[1325/2800] 47% | ETA 0m11s | n=1 sigma=1/4 T=53.75 Re_tau=1.0719266 t0=1.073566 OK
[1350/2800] 48% | ETA 0m11s | n=2 sigma=1/16 T=54.25 Re_tau=0.3971759 t0=0.385043 OK
[1375/2800] 49% | ETA 0m10s | n=1 sigma=1/64 T=54.75 Re_tau=1.0811994 t0=1.082771 OK
[1400/2800] 50% | ETA 0m10s | n=2 sigma=1/2 T=55.0 Re_tau=0.3990316 t0=0.391899 OK
[1425/2800] 50% | ETA 0m10s | n=1 sigma=3/8 T=55.5 Re_tau=1.0895468 t0=1.089566 OK
[1450/2800] 51% | ETA 0m10s | n=2 sigma=1/4 T=56.0 Re_tau=0.4027778 t0=0.400897 OK
[1475/2800] 52% | ETA 0m10s | n=1 sigma=1/8 T=56.5 Re_tau=1.0996534 t0=1.098484 OK
[1500/2800] 53% | ETA 0m10s | n=2 sigma=1/2 T=56.75 Re_tau=0.4056879 t0=0.407542 OK
[1525/2800] 54% | ETA 0m09s | n=1 sigma=1/2 T=57.25 Re_tau=1.1059555 t0=1.105070 OK
[1550/2800] 55% | ETA 0m09s | n=2 sigma=1/4 T=57.75 Re_tau=0.4090809 t0=0.416265 OK
[1575/2800] 56% | ETA 0m09s | n=1 sigma=1/8 T=58.25 Re_tau=1.1135516 t0=1.113718 OK
[1600/2800] 57% | ETA 0m09s | n=2 sigma=1/32 T=58.75 Re_tau=0.4131245 t0=0.424840 OK
[1625/2800] 58% | ETA 0m09s | n=1 sigma=1/32 T=59.25 Re_tau=1.1206154 t0=1.122219 OK
[1650/2800] 58% | ETA 0m09s | n=2 sigma=3/8 T=59.5 Re_tau=0.4199872 t0=0.431175 OK
[1675/2800] 59% | ETA 0m08s | n=1 sigma=1/4 T=60.0 Re_tau=1.1272684 t0=1.128502 OK
[1700/2800] 60% | ETA 0m08s | n=2 sigma=1/16 T=60.5 Re_tau=0.4266228 t0=0.439500 OK
[1725/2800] 61% | ETA 0m08s | n=1 sigma=1/32 T=61.0 Re_tau=1.1363801 t0=1.136758 OK
[1750/2800] 62% | ETA 0m08s | n=2 sigma=1/2 T=61.25 Re_tau=0.4363747 t0=0.445654 OK
[1775/2800] 63% | ETA 0m08s | n=1 sigma=3/8 T=61.75 Re_tau=1.1434250 t0=1.142862 OK
[1800/2800] 64% | ETA 0m07s | n=2 sigma=1/4 T=62.25 Re_tau=0.4466643 t0=0.453743 OK
[1825/2800] 65% | ETA 0m07s | n=1 sigma=1/16 T=62.75 Re_tau=1.1518748 t0=1.150886 OK
[1850/2800] 66% | ETA 0m07s | n=2 sigma=1/64 T=63.25 Re_tau=0.4589074 t0=0.461704 OK
[1875/2800] 66% | ETA 0m07s | n=1 sigma=1/64 T=63.75 Re_tau=1.1586434 t0=1.158784 OK
[1900/2800] 67% | ETA 0m07s | n=2 sigma=1/4 T=64.0 Re_tau=0.4689160 t0=0.467592 OK
[1925/2800] 68% | ETA 0m07s | n=1 sigma=1/8 T=64.5 Re_tau=1.1636444 t0=1.164627 OK
[1950/2800] 69% | ETA 0m06s | n=2 sigma=1/32 T=65.0 Re_tau=0.4818739 t0=0.475337 OK
[1975/2800] 70% | ETA 0m06s | n=1 sigma=1/64 T=65.5 Re_tau=1.1709561 t0=1.172312 OK
[2000/2800] 71% | ETA 0m06s | n=2 sigma=3/8 T=65.75 Re_tau=0.4890644 t0=0.481068 OK
[2025/2800] 72% | ETA 0m06s | n=1 sigma=1/4 T=66.25 Re_tau=1.1776079 t0=1.178000 OK
[2050/2800] 73% | ETA 0m06s | n=2 sigma=1/16 T=66.75 Re_tau=0.4994424 t0=0.488609 OK
[2075/2800] 74% | ETA 0m05s | n=1 sigma=1/32 T=67.25 Re_tau=1.1861539 t0=1.185484 OK
[2100/2800] 75% | ETA 0m05s | n=2 sigma=1/2 T=67.5 Re_tau=0.5025606 t0=0.494191 OK
[2125/2800] 75% | ETA 0m05s | n=1 sigma=3/8 T=68.0 Re_tau=1.1916790 t0=1.191025 OK
[2150/2800] 76% | ETA 0m05s | n=2 sigma=1/8 T=68.5 Re_tau=0.5085613 t0=0.501538 OK
[2175/2800] 77% | ETA 0m05s | n=1 sigma=1/8 T=69.0 Re_tau=1.1983210 t0=1.198318 OK
[2200/2800] 78% | ETA 0m04s | n=2 sigma=1/64 T=69.5 Re_tau=0.5113849 t0=0.508778 OK
[2225/2800] 79% | ETA 0m04s | n=1 sigma=1/2 T=69.75 Re_tau=1.2033195 t0=1.203719 OK
[2250/2800] 80% | ETA 0m04s | n=2 sigma=1/4 T=70.25 Re_tau=0.5131309 t0=0.514141 OK
[2275/2800] 81% | ETA 0m04s | n=1 sigma=1/8 T=70.75 Re_tau=1.2098396 t0=1.210832 OK
[2300/2800] 82% | ETA 0m04s | n=2 sigma=1/64 T=71.25 Re_tau=0.5153820 t0=0.521203 OK
[2325/2800] 83% | ETA 0m03s | n=1 sigma=1/64 T=71.75 Re_tau=1.2176642 t0=1.217844 OK
[2350/2800] 83% | ETA 0m03s | n=2 sigma=3/8 T=72.0 Re_tau=0.5197989 t0=0.526435 OK
[2375/2800] 84% | ETA 0m03s | n=1 sigma=1/4 T=72.5 Re_tau=1.2235142 t0=1.223039 OK
[2400/2800] 85% | ETA 0m03s | n=2 sigma=1/16 T=73.0 Re_tau=0.5242519 t0=0.533326 OK
[2425/2800] 86% | ETA 0m03s | n=1 sigma=1/32 T=73.5 Re_tau=1.2304802 t0=1.229884 OK
[2450/2800] 87% | ETA 0m02s | n=2 sigma=1/2 T=73.75 Re_tau=0.5319042 t0=0.538433 OK
[2475/2800] 88% | ETA 0m02s | n=1 sigma=3/8 T=74.25 Re_tau=1.2349459 t0=1.234956 OK
[2500/2800] 89% | ETA 0m02s | n=2 sigma=1/8 T=74.75 Re_tau=0.5398060 t0=0.545163 OK
[2525/2800] 90% | ETA 0m02s | n=1 sigma=1/16 T=75.25 Re_tau=1.2407158 t0=1.241641 OK
[2550/2800] 91% | ETA 0m02s | n=2 sigma=1/64 T=75.75 Re_tau=0.5504593 t0=0.551803 OK
[2575/2800] 91% | ETA 0m01s | n=1 sigma=1/2 T=76.0 Re_tau=1.2461765 t0=1.246596 OK
[2600/2800] 92% | ETA 0m01s | n=2 sigma=1/4 T=76.5 Re_tau=0.5586668 t0=0.556726 OK
[2625/2800] 93% | ETA 0m01s | n=1 sigma=1/8 T=77.0 Re_tau=1.2531494 t0=1.253128 OK
[2650/2800] 94% | ETA 0m01s | n=2 sigma=1/64 T=77.5 Re_tau=0.5692752 t0=0.563215 OK
[2675/2800] 95% | ETA 0m01s | n=1 sigma=1/64 T=78.0 Re_tau=1.2602276 t0=1.259576 OK
[2700/2800] 96% | ETA 0m00s | n=2 sigma=3/8 T=78.25 Re_tau=0.5743355 t0=0.568027 OK
[2725/2800] 97% | ETA 0m00s | n=1 sigma=1/4 T=78.75 Re_tau=1.2646665 t0=1.264357 OK
[2750/2800] 98% | ETA 0m00s | n=2 sigma=1/16 T=79.25 Re_tau=0.5817002 t0=0.574373 OK
[2775/2800] 99% | ETA 0m00s | n=1 sigma=1/32 T=79.75 Re_tau=1.2701263 t0=1.270663 OK
[2800/2800] 100% | ETA 0m00s | n=2 sigma=1/2 T=80.0 Re_tau=0.5835454 t0=0.579080 OK
{
 "holds": 2800,
 "of": 2800,
 "fails": 0,
 "undecided": 0,
 "IF_A_lemma_certified": true,
 "worst_cell": {
  "n": 2,
  "sigma": "1/64",
  "T": 73.5,
  "Re_tau": "0.527761279076154318867531",
  "t0": "0.53673718305457406102",
  "rhs_t0_minus_6overT": "0.45510452999334957123",
  "margin_lower": "0.072656749082804747640"
 },
 "failing_cells": [],
 "undecided_cells": []
}
{
 "n=1,sigma=1/64": {
  "min_margin_lower": "0.0742688842",
  "at_T": 80.0,
  "Re_tau": "1.27149609",
  "t0": "1.27222721"
 },
 "n=1,sigma=1/32": {
  "min_margin_lower": "0.0742847372",
  "at_T": 80.0,
  "Re_tau": "1.27151195",
  "t0": "1.27222721"
 },
 "n=1,sigma=1/16": {
  "min_margin_lower": "0.0743158169",
  "at_T": 80.0,
  "Re_tau": "1.27154303",
  "t0": "1.27222721"
 },
 "n=1,sigma=1/8": {
  "min_margin_lower": "0.0743755954",
  "at_T": 80.0,
  "Re_tau": "1.27160281",
  "t0": "1.27222721"
 },
 "n=1,sigma=1/4": {
  "min_margin_lower": "0.0744865487",
  "at_T": 80.0,
  "Re_tau": "1.27171376",
  "t0": "1.27222721"
 },
 "n=1,sigma=3/8": {
  "min_margin_lower": "0.0745876037",
  "at_T": 80.0,
  "Re_tau": "1.27181481",
  "t0": "1.27222721"
 },
 "n=1,sigma=1/2": {
  "min_margin_lower": "0.0746804037",
  "at_T": 80.0,
  "Re_tau": "1.27190761",
  "t0": "1.27222721"
 },
 "n=2,sigma=1/64": {
  "min_margin_lower": "0.0726567490",
  "at_T": 73.5,
  "Re_tau": "0.52776127",
  "t0": "0.53673718"
 },
 "n=2,sigma=1/32": {
  "min_margin_lower": "0.0727336335",
  "at_T": 73.5,
  "Re_tau": "0.52783816",
  "t0": "0.53673718"
 },
 "n=2,sigma=1/16": {
  "min_margin_lower": "0.0728857393",
  "at_T": 73.5,
  "Re_tau": "0.52799026",
  "t0": "0.53673718"
 },
 "n=2,sigma=1/8": {
  "min_margin_lower": "0.0731834243",
  "at_T": 73.5,
  "Re_tau": "0.52828795",
  "t0": "0.53673718"
 },
 "n=2,sigma=1/4": {
  "min_margin_lower": "0.0737536687",
  "at_T": 73.5,
  "Re_tau": "0.52885819",
  "t0": "0.536737
written tau_lemma_arb.json
