[1/64] 1% | ETA 22m47s | entry (1, 1)x(1, 1)
[2/64] 3% | ETA 11m14s | entry (1, 1)x(3, 1)
[3/64] 4% | ETA 7m29s | entry (1, 1)x(2, 1)
[4/64] 6% | ETA 5m35s | entry (1, 1)x(3, -1)
[5/64] 7% | ETA 4m49s | entry (1, 1)x(2, -1)
[6/64] 9% | ETA 4m44s | entry (1, 1)x(1, -1)
[7/64] 10% | ETA 6m03s | entry (1, -1)x(1, -1)
[8/64] 12% | ETA 5m16s | entry (1, 1)x(4, 1)
[9/64] 14% | ETA 4m39s | entry (1, 1)x(4, -1)
[10/64] 15% | ETA 4m30s | entry (1, -1)x(2, 1)
[11/64] 17% | ETA 4m11s | entry (1, -1)x(2, -1)
[12/64] 18% | ETA 3m46s | entry (1, -1)x(1, 1)
[13/64] 20% | ETA 4m24s | entry (1, -1)x(3, -1)
[14/64] 21% | ETA 4m02s | entry (1, -1)x(3, 1)
[15/64] 23% | ETA 3m48s | entry (1, -1)x(4, 1)
[16/64] 25% | ETA 3m42s | entry (1, -1)x(4, -1)
[17/64] 26% | ETA 3m29s | entry (2, 1)x(1, 1)
[18/64] 28% | ETA 3m19s | entry (2, 1)x(1, -1)
[19/64] 29% | ETA 3m28s | entry (2, 1)x(2, 1)
[20/64] 31% | ETA 3m17s | entry (2, 1)x(3, 1)
[21/64] 32% | ETA 3m04s | entry (2, 1)x(2, -1)
[22/64] 34% | ETA 3m01s | entry (2, 1)x(3, -1)
[23/64] 35% | ETA 2m54s | entry (2, 1)x(4, 1)
[24/64] 37% | ETA 2m48s | entry (2, 1)x(4, -1)
[25/64] 39% | ETA 2m55s | entry (2, -1)x(2, 1)
[26/64] 40% | ETA 2m45s | entry (2, -1)x(1, 1)
[27/64] 42% | ETA 2m35s | entry (2, -1)x(1, -1)
[28/64] 43% | ETA 2m28s | entry (2, -1)x(2, -1)
[29/64] 45% | ETA 2m23s | entry (2, -1)x(3, 1)
[30/64] 46% | ETA 2m17s | entry (2, -1)x(3, -1)
[31/64] 48% | ETA 2m23s | entry (2, -1)x(4, -1)
[32/64] 50% | ETA 2m15s | entry (2, -1)x(4, 1)
[33/64] 51% | ETA 2m08s | entry (3, 1)x(1, 1)
[34/64] 53% | ETA 2m02s | entry (3, 1)x(2, 1)
[35/64] 54% | ETA 1m55s | entry (3, 1)x(1, -1)
[36/64] 56% | ETA 1m50s | entry (3, 1)x(2, -1)
[37/64] 57% | ETA 1m51s | entry (3, 1)x(3, 1)
[38/64] 59% | ETA 1m45s | entry (3, 1)x(3, -1)
[39/64] 60% | ETA 1m40s | entry (3, 1)x(4, 1)
[40/64] 62% | ETA 1m35s | entry (3, 1)x(4, -1)
[41/64] 64% | ETA 1m31s | entry (3, -1)x(1, 1)
[42/64] 65% | ETA 1m26s | entry (3, -1)x(1, -1)
[43/64] 67% | ETA 1m24s | entry (3, -1)x(2, 1)
[44/64] 68% | ETA 1m19s | entry (3, -1)x(2, -1)
[45/64] 70% | ETA 1m14s | entry (3, -1)x(3, 1)
[46/64] 71% | ETA 1m09s | entry (3, -1)x(3, -1)
[47/64] 73% | ETA 1m06s | entry (3, -1)x(4, 1)
[48/64] 75% | ETA 1m01s | entry (3, -1)x(4, -1)
[49/64] 76% | ETA 1m00s | entry (4, 1)x(1, 1)
[50/64] 78% | ETA 0m55s | entry (4, 1)x(1, -1)
[51/64] 79% | ETA 0m50s | entry (4, 1)x(2, 1)
[52/64] 81% | ETA 0m46s | entry (4, 1)x(2, -1)
[53/64] 82% | ETA 0m42s | entry (4, 1)x(3, 1)
[54/64] 84% | ETA 0m37s | entry (4, 1)x(3, -1)
[55/64] 85% | ETA 0m35s | entry (4, 1)x(4, -1)
[56/64] 87% | ETA 0m31s | entry (4, 1)x(4, 1)
[57/64] 89% | ETA 0m27s | entry (4, -1)x(1, 1)
[58/64] 90% | ETA 0m23s | entry (4, -1)x(1, -1)
[59/64] 92% | ETA 0m19s | entry (4, -1)x(2, -1)
[60/64] 93% | ETA 0m15s | entry (4, -1)x(2, 1)
[61/64] 95% | ETA 0m11s | entry (4, -1)x(3, 1)
[62/64] 96% | ETA 0m07s | entry (4, -1)x(3, -1)
[63/64] 98% | ETA 0m03s | entry (4, -1)x(4, 1)
[64/64] 100% | ETA 0m00s | entry (4, -1)x(4, -1)
{
 "prime_side": {
  "frobenius": "57372.2917065",
  "hermiticity_defect": "1.697e-26",
  "m_convergence": [
   {
    "m_max": 8,
    "frobenius": "55977.1228138",
    "rel_change": null
   },
   {
    "m_max": 32,
    "frobenius": "57372.2917068",
    "rel_change": "0.053987"
   },
   {
    "m_max": 100,
    "frobenius": "57372.2917065",
    "rel_change": "8.5664e-10"
   }
  ],
  "term_magnitude_by_m_sample_entry": {
   "2": "1372.3",
   "3": "3153.2",
   "4": "2419.3",
   "5": "5307.6",
   "7": "3926.1",
   "8": "968.86",
   "9": "1006.7",
   "11": "835.64",
   "13": "302.11",
   "16": "13.798",
   "17": "30.256",
   "19": "8.7367",
   "23": "0.64333",
   "25": "0.083213",
   "27": "0.013995",
   "29": "0.010367",
   "31": "0.0025126",
   "32": "0.00024586",
   "37": "3.2703e-5",
   "41": "1.7057e-6",
   "43": "3.8404e-7",
   "47": "1.9002e-8",
   "49": "2.0909e-9",
   "53": "1.9877e-10",
   "59": "1.9793e-12",
   "61": "4.2193e-13",
   "64": "6.8687e-15",
   "67": "3.9919e-15",
   "71": "1.755e-16",
   "73": "3.663e-17",
   "79": "3.276e-19",
   "81": "1.6915e-20",
   "83": "1.3942e-20",
   "89": "1.2042e-22",
   "97": "2.0787e-25"
  }
 },
 "difference": {
  "rows": [
   {
    "zeros": 100,
    "gamma_cut": "236.5242297",
    "frob_W_zeros": "57328.0253262",
    "frob_difference": "233.40710416",
    "lambda_min": "2.3483646e-6",
    "lambda_max": "233.40681",
    "eigenvalues": [
     "2.3483646e-6",
     "4.9683833e-6",
     "1.0279378e-5",
     "1.7082466e-5",
     "2.9996611e-5",
     "0.0010475971",
     "0.36775777",
     "233.40681"
    ]
   },
   {
    "zeros": 200,
    "gamma_cut": "396.3818542",
    "frob_W_zeros": "57344.6217509",
    "frob_difference": "144.274113403",
    "lambda_min": "-2.2394615e-6",
    "lambda_max": "144.27409",
    "eigenvalues": [
     "-2.2394615e-6",
     "-2.9176996e-8",
     "9.5181588e-10",
     "2.7851021e-7",
     "2.9504321e-6",
     "5.9462084e-5",
     "0.080363101",
     "144.27409"
    ]
   },
   {
    "zeros": 400,
    "gamma_cut": "679.7421979",
    "frob_W_zeros": "57356.0912638",
    "frob_difference": "84.0273179525",
    "lambda_min": "-2.5778126e-6",
    "lambda_max": "84.027316",
    "eigenvalues": [
     "-2.5778126e-6",
     "-3.3690593e-8",
     "5.7959408e-10",
     "2.4128653e-7",
     "2.8654773e-6",
     "3.2337071e-6",
     "0.017327102",
     "84.027316"
    ]
   },
   {
    "zeros": 800,
    "gamma_cut": "1183.712775",
    "frob_W_zeros": "57363.7886808",
    "frob_difference": "43.9839233179",
    "lambda_min": "-2.9849095e-6",
    "lambda_max": "43.983923",
    "eigenvalues": [
     "-2.9849095e-6",
     "-3.6204738e-8",
     "5.1922555e-10",
     "1.1083733e-7",
     "2.7561393e-7",
     "2.9491927e-6",
     "0.0035237478",
     "43.983923"
    ]
   },
   {
    "zeros": 2000,
    "gamma_cut": "2515.286483",
    "frob_W_zeros": "57370.0028926",
    "frob_difference": "11.81810379",
    "lambda_min": "-3.0294486e-6",
    "lambda_max": "11.818104",
    "eigenvalues": [
     "-3.0294486e-6",
     "-4.3490764e-8",
     "-4.3311683e-10",
     "5.4221901e-9",
     "2.5961602e-7",
     "2.9483653e-6",
     "0.00031468086",
     "11.818104"
    ]
   }
  ],
  "valid_rows": [
   100,
   200,
   400,
   800
  ],
  "note": "a row is a valid test only while gamma_cut is well inside the prime-side tau cutoff"
 },
 "P_M3_7b": {
  "frob_ratio_100_over_200": "1.6178",
  "in_1.8_2.2": false,
  "all_consecutive_ratios": [
   {
    "from": 100,
    "to": 200,
    "ratio": "1.6178",
    "both_valid": true
   },
   {
    "from": 200,
    "to": 400,
    "ratio": "1.71699",
    "both_valid": true
   },
   {
    "from": 400,
    "to": 800,
    "ratio": "1.91041",
    "both_valid": true
   },
   {
    "from": 800,
    "to": 2000,
    "ratio": "3.72174",
    "both_valid": false
   }
  ],
  "m_tail_argument": "terms of the arithmetic sum decay doubly exponentially in log m (see term_magnitude_by_m_sample_entry): the m_max 1e4 -> 1e6 part is judged by the measured decay, not by summing
written wn_compare_N4.json
exit 0
