[1/16] 6% | ETA 23m38s | entry (1, 1)x(1, 1)
[2/16] 12% | ETA 22m40s | entry (1, 1)x(1, -1)
[3/16] 18% | ETA 21m18s | entry (1, 1)x(2, 1)
[4/16] 25% | ETA 19m54s | entry (1, 1)x(2, -1)
[5/16] 31% | ETA 18m15s | entry (1, -1)x(1, 1)
[6/16] 37% | ETA 16m28s | entry (1, -1)x(1, -1)
[7/16] 43% | ETA 14m55s | entry (1, -1)x(2, 1)
[8/16] 50% | ETA 13m17s | entry (1, -1)x(2, -1)
[9/16] 56% | ETA 11m39s | entry (2, 1)x(1, 1)
[10/16] 62% | ETA 10m01s | entry (2, 1)x(1, -1)
[11/16] 68% | ETA 8m20s | entry (2, 1)x(2, 1)
[12/16] 75% | ETA 6m41s | entry (2, 1)x(2, -1)
[13/16] 81% | ETA 5m02s | entry (2, -1)x(1, 1)
[14/16] 87% | ETA 3m21s | entry (2, -1)x(1, -1)
[15/16] 93% | ETA 1m41s | entry (2, -1)x(2, 1)
[16/16] 100% | ETA 0m00s | entry (2, -1)x(2, -1)
{
 "rows": [
  {
   "zeros_used": 10,
   "gamma_cut": "49.77383248",
   "frobenius": "46342.4278308",
   "rel_change_vs_previous": null,
   "hermiticity_defect": "0.0"
  },
  {
   "zeros_used": 50,
   "gamma_cut": "143.1118458",
   "frobenius": "57229.2786518",
   "rel_change_vs_previous": "0.1957",
   "hermiticity_defect": "0.0"
  },
  {
   "zeros_used": 200,
   "gamma_cut": "396.3818542",
   "frobenius": "57270.2129024",
   "rel_change_vs_previous": "0.0026648",
   "hermiticity_defect": "0.0"
  },
  {
   "zeros_used": 1000,
   "gamma_cut": "1419.422481",
   "frobenius": "57290.7786196",
   "rel_change_vs_previous": "0.001376",
   "hermiticity_defect": "0.0"
  },
  {
   "zeros_used": 2000,
   "gamma_cut": "2515.286483",
   "frobenius": "57295.0248241",
   "rel_change_vs_previous": "0.00028314",
   "hermiticity_defect": "0.0"
  }
 ],
 "tail_law_expected": "|s|^2 ~ 1/gamma^2 with N(T) ~ T log T/2pi, so the tail beyond Y falls like log(Y)/Y",
 "last_rel_change": "0.00028314"
}
{
 "rows": [
  {
   "m_max": 2,
   "frobenius": "48725.0882152",
   "rel_change_vs_previous": null,
   "hermiticity_defect": "6.41e-30"
  },
  {
   "m_max": 8,
   "frobenius": "55848.8483044",
   "rel_change_vs_previous": "0.44117",
   "hermiticity_defect": "5.593e-30"
  },
  {
   "m_max": 32,
   "frobenius": "57246.9351722",
   "rel_change_vs_previous": "0.054105",
   "hermiticity_defect": "5.456e-30"
  }
 ],
 "T_cut": 200.0,
 "n_split": 8,
 "n_prime_powers": 18
}
{
 "rows": [
  {
   "T_cut": 100.0,
   "frobenius": "55679.4416475"
  },
  {
   "T_cut": 200.0,
   "frobenius": "55848.8483044"
  },
  {
   "T_cut": 400.0,
   "frobenius": "55872.7432479"
  }
 ],
 "m_max_used": 8,
 "tail_estimate": "|H| (1+|tau|)^2 is bounded (checked: ~760-820 at tau = 200, 800 for the (1,+)x(1,-) entry), so the tail beyond T_cut falls like 1/T_cut"
}
written wn_hygiene.json
