[1/64] 1% | ETA 22m25s | entry (1, 1)x(1, 1)
[2/64] 3% | ETA 11m02s | entry (1, 1)x(3, 1)
[3/64] 4% | ETA 7m25s | entry (1, 1)x(2, 1)
[4/64] 6% | ETA 5m32s | entry (1, 1)x(3, -1)
[5/64] 7% | ETA 4m23s | entry (1, 1)x(4, 1)
[6/64] 9% | ETA 3m39s | entry (1, 1)x(4, -1)
[7/64] 10% | ETA 3m16s | entry (1, 1)x(2, -1)
[8/64] 12% | ETA 3m21s | entry (1, 1)x(1, -1)
[9/64] 14% | ETA 4m25s | entry (1, -1)x(1, -1)
[10/64] 15% | ETA 3m59s | entry (1, -1)x(3, -1)
[11/64] 17% | ETA 3m34s | entry (1, -1)x(2, -1)
[12/64] 18% | ETA 3m12s | entry (1, -1)x(3, 1)
[13/64] 20% | ETA 3m01s | entry (1, -1)x(2, 1)
[14/64] 21% | ETA 2m49s | entry (1, -1)x(4, 1)
[15/64] 23% | ETA 2m45s | entry (1, -1)x(1, 1)
[16/64] 25% | ETA 2m36s | entry (1, -1)x(4, -1)
[17/64] 26% | ETA 2m58s | entry (2, 1)x(2, 1)
[18/64] 28% | ETA 2m47s | entry (2, 1)x(3, 1)
[19/64] 29% | ETA 2m35s | entry (2, 1)x(1, 1)
[20/64] 31% | ETA 2m25s | entry (2, 1)x(2, -1)
[21/64] 32% | ETA 2m18s | entry (2, 1)x(3, -1)
[22/64] 34% | ETA 2m11s | entry (2, 1)x(1, -1)
[23/64] 35% | ETA 2m07s | entry (2, 1)x(4, 1)
[24/64] 37% | ETA 2m03s | entry (2, 1)x(4, -1)
[25/64] 39% | ETA 2m14s | entry (2, -1)x(2, -1)
[26/64] 40% | ETA 2m07s | entry (2, -1)x(2, 1)
[27/64] 42% | ETA 2m00s | entry (2, -1)x(3, -1)
[28/64] 43% | ETA 1m53s | entry (2, -1)x(1, -1)
[29/64] 45% | ETA 1m46s | entry (2, -1)x(3, 1)
[30/64] 46% | ETA 1m41s | entry (2, -1)x(1, 1)
[31/64] 48% | ETA 1m40s | entry (2, -1)x(4, 1)
[32/64] 50% | ETA 1m35s | entry (2, -1)x(4, -1)
[33/64] 51% | ETA 1m40s | entry (3, 1)x(3, 1)
[34/64] 53% | ETA 1m35s | entry (3, 1)x(3, -1)
[35/64] 54% | ETA 1m29s | entry (3, 1)x(2, 1)
[36/64] 56% | ETA 1m24s | entry (3, 1)x(1, 1)
[37/64] 57% | ETA 1m19s | entry (3, 1)x(2, -1)
[38/64] 59% | ETA 1m15s | entry (3, 1)x(1, -1)
[39/64] 60% | ETA 1m13s | entry (3, 1)x(4, 1)
[40/64] 62% | ETA 1m09s | entry (3, 1)x(4, -1)
[41/64] 64% | ETA 1m11s | entry (3, -1)x(3, 1)
[42/64] 65% | ETA 1m07s | entry (3, -1)x(2, -1)
[43/64] 67% | ETA 1m02s | entry (3, -1)x(3, -1)
[44/64] 68% | ETA 0m58s | entry (3, -1)x(2, 1)
[45/64] 70% | ETA 0m54s | entry (3, -1)x(1, 1)
[46/64] 71% | ETA 0m51s | entry (3, -1)x(1, -1)
[47/64] 73% | ETA 0m48s | entry (3, -1)x(4, 1)
[48/64] 75% | ETA 0m45s | entry (3, -1)x(4, -1)
[49/64] 76% | ETA 0m45s | entry (4, 1)x(2, 1)
[50/64] 78% | ETA 0m42s | entry (4, 1)x(3, 1)
[51/64] 79% | ETA 0m38s | entry (4, 1)x(3, -1)
[52/64] 81% | ETA 0m34s | entry (4, 1)x(1, 1)
[53/64] 82% | ETA 0m31s | entry (4, 1)x(1, -1)
[54/64] 84% | ETA 0m28s | entry (4, 1)x(2, -1)
[55/64] 85% | ETA 0m25s | entry (4, 1)x(4, 1)
[56/64] 87% | ETA 0m22s | entry (4, 1)x(4, -1)
[57/64] 89% | ETA 0m20s | entry (4, -1)x(3, 1)
[58/64] 90% | ETA 0m17s | entry (4, -1)x(2, -1)
[59/64] 92% | ETA 0m14s | entry (4, -1)x(3, -1)
[60/64] 93% | ETA 0m11s | entry (4, -1)x(2, 1)
[61/64] 95% | ETA 0m08s | entry (4, -1)x(1, 1)
[62/64] 96% | ETA 0m05s | entry (4, -1)x(1, -1)
[63/64] 98% | ETA 0m02s | entry (4, -1)x(4, 1)
[64/64] 100% | ETA 0m00s | entry (4, -1)x(4, -1)
{
 "prime_side": {
  "frobenius": "57372.2917065",
  "hermiticity_defect": "1.697e-26",
  "m_convergence": [
   {
    "m_max": 8,
    "frobenius": "55977.1228138",
    "rel_change": null
   },
   {
    "m_max": 32,
    "frobenius": "57372.2917068",
    "rel_change": "0.053987"
   },
   {
    "m_max": 100,
    "frobenius": "57372.2917065",
    "rel_change": "8.5664e-10"
   }
  ],
  "term_magnitude_by_m_sample_entry": {
   "2": "1372.3",
   "3": "3153.2",
   "4": "2419.3",
   "5": "5307.6",
   "7": "3926.1",
   "8": "968.86",
   "9": "1006.7",
   "11": "835.64",
   "13": "302.11",
   "16": "13.798",
   "17": "30.256",
   "19": "8.7367",
   "23": "0.64333",
   "25": "0.083213",
   "27": "0.013995",
   "29": "0.010367",
   "31": "0.0025126",
   "32": "0.00024586",
   "37": "3.2703e-5",
   "41": "1.7057e-6",
   "43": "3.8404e-7",
   "47": "1.9002e-8",
   "49": "2.0909e-9",
   "53": "1.9877e-10",
   "59": "1.9793e-12",
   "61": "4.2193e-13",
   "64": "6.8687e-15",
   "67": "3.9919e-15",
   "71": "1.755e-16",
   "73": "3.663e-17",
   "79": "3.276e-19",
   "81": "1.6915e-20",
   "83": "1.3942e-20",
   "89": "1.2042e-22",
   "97": "2.0787e-25"
  }
 },
 "negative_mode_decomposition": {
  "zeros_used": 2000,
  "lambda_min": "-3.029448591e-6",
  "ray_profile": {
   "1": "0.769541",
   "2": "0.194473",
   "3": "0.0286215",
   "4": "0.00736458"
  },
  "v*_main_v": "26754.153423",
  "v*_arith_v": "-3390.66720961",
  "v*_pole_v": "19.2831679345",
  "v*_W_primes_v": "30164.1038006",
  "v*_W_zeros_v": "30164.1038036",
  "check_sum_equals_lambda_min": "-3.02944859063e-6",
  "note": "W_primes = main - arith + pole; W_zeros is a sum of PSD blocks so v* W_zeros v >= 0 always. Whichever part makes v* W_primes v fall below v* W_zeros v is the suspect."
 },
 "difference": {
  "rows": [
   {
    "zeros": 100,
    "gamma_cut": "236.5242297",
    "frob_W_zeros": "57328.0253262",
    "frob_difference": "233.40710416",
    "lambda_min": "2.3483646e-6",
    "lambda_max": "233.40681",
    "eigenvalues": [
     "2.3483646e-6",
     "4.9683833e-6",
     "1.0279378e-5",
     "1.7082466e-5",
     "2.9996611e-5",
     "0.0010475971",
     "0.36775777",
     "233.40681"
    ],
    "min_mode_ray_profile": {
     "1": "0.100982",
     "2": "0.324256",
     "3": "0.542594",
     "4": "0.0321673"
    },
    "min_mode_vector": [
     "(-0.22470145 - 0.00047118394j)",
     "(-0.22428765 + 0.013638641j)",
     "(-0.40001754 + 0.045979665j)",
     "(-0.40202461 - 0.022458258j)",
     "(-0.50999932 + 0.10582016j)",
     "(-0.51532423 - 0.0757506j)",
     "(-0.12660343 + 0.0074321637j)",
     "-0.12682139"
    ],
    "max_mode_ray_profile": {
     "1": "0.0357733",
     "2": "0.676165",
     "3": "0.279097",
     "4": "0.00896502"
    }
   },
   {
    "zeros": 200,
    "gamma_cut": "396.3818542",
    "frob_W_zeros": "57344.6217509",
    "frob_difference": "144.274113403",
    "lambda_min": "-2.2394615e-6",
    "lambda_max": "144.27409",
    "eigenvalues": [
     "-2.2394615e-6",
     "-2.9176996e-8",
     "9.5181588e-10",
     "2.7851021e-7",
     "2.9504321e-6",
     "5.9462084e-5",
     "0.080363101",
     "144.27409"
    ],
    "min_mode_ray_profile": {
     "1": "0.53463",
     "2": "0.247467",
     "3": "0.100806",
     "4": "0.117097"
    },
    "min_mode_vector": [
     "(0.33515161 - 0.39368573j)",
     "(-0.4883176 - 0.16988518j)",
     "(0.050283073 - 0.34814544j)",
     "(-0.21958602 - 0.27480104j)",
     "(0.19236395 - 0.11575439j)",
     "(-0.22449255 - 0.0024620915j)",
     "(0.20868131 - 0.12247633j)",
     "-0.24196765"
    ],
    "max_mode_ray_profile": {
     "1": "0.0363609",
     "2": "0.681388",
     "3": "0.274016",
     "4": "0.00823459"
    }
   },
   {
    "zeros": 400,
    "gamma_cut": "679.7421979",
    "frob_W_zeros": "57356.0912638",
    "frob_difference": "84.0273179525",
    "lambda_min": "-2.5778126e-6",
    "lambda_max": "84.027316",
    "eigenvalues": [
     "-2.5778126e-6",
     "-3.3690593e-8",
     "5.7959408e-10",
     "2.4128653e-7",
 
written wn_mode_N4.json
