STEP0_HASH_GATE PASS 12/12
SCALED_CROSSWALK PASS sqrt(z/lambda)=sqrt(a)/lambda^(3/2)
GENERIC_ALGEBRAIC_KERNEL PASS divided_difference+finite_Green
GENERIC_M_REPLAY BREAK finite_named_list=5
B038-1_COEFFICIENT_FAMILY_M257_ONLY DETECTED
B038-2_RESPONSE_RECEIVER_CONDITIONAL DETECTED
B038-3_DISCRIMINATOR_NOT_MATERIALIZED DETECTED
B038-4_Q_INFINITY_TERMINAL_CONTROL_MISSING DETECTED
B038-5_COFINAL_SPECTRAL_GAP_NOT_SOURCE_LOCKED DETECTED
REHEARSAL_M257 PASS controls=179 zero_compatible=62 kill=0
P038-1 FIRES
P038-2 FIRES
P038-3 FIRES
P038-4 FIRES
P038-5 FIRES
P038-6 FIRES
P038-7 FIRES
P038-8 FIRES
P038-9 FIRES
P038-10 FIRES
P038-11 FIRES
DEPENDENCY_GUARD PASS 036_absent_from_cofinal_target
LEAN_PHASE_NOT_ENTERED
ROUTE_STATE CHALLENGER_NOT_RH BUS_010_VOID
PRIMARY SCALED_OUTER_SIGN_BARRIER_FOUR_THIRDS_INCONCLUSIVE
STOP SCALED_JACOBI_COFINAL_LIFT_GAP
