Префлайт низкого спектра · B_480 · dps=200
  odd 960² за 90 с
  Грам за 8 с
  собственное разложение B (mpmath.eigsy) …
    за 13 с

  низ спектра B_480:
    λ[0] = 2.3059968e-55
    λ[1] = 3.1569743e-48
    λ[2] = 1.5426847e-41
    λ[3] = 1.1739989e-35
    λ[4] = 7.6241015e-30
    λ[5] = 7.3717715e-25
    λ[6] = 6.3898217e-20
    λ[7] = 1.5633464e-15
    λ[8] = 2.2123841e-11
    λ[9] = 8.1709083e-8
    λ[10] = 0.00026538305
    λ[11] = 0.090730583
    …
    λ[69] = 5.2492112  (верх)

  зазоры между соседними снизу:
    после dim=1:  зазор = 3.15697e-48
    после dim=2:  зазор = 1.54268e-41
    после dim=3:  зазор = 1.174e-35
    после dim=4:  зазор = 7.62409e-30
    после dim=5:  зазор = 7.3717e-25
    после dim=6:  зазор = 6.38975e-20
    после dim=7:  зазор = 1.56328e-15
    после dim=8:  зазор = 2.21223e-11
    после dim=9:  зазор = 8.1687e-8
    после dim=10:  зазор = 0.000265301
    после dim=11:  зазор = 0.0904652

  наибольший зазор в низу: после dim=11, θ = 0.0904652
  P-M4 (dim ≤ 6 и θ ≥ 0.1): ОПРОВЕРГНУТА

  проецированная невязка по размерностям кластера:
     dim        λ[dim-1]         ‖P·G·P‖   отношение к λ
       1       2.306e-55     3.65047e-56        0.158303
       2     3.15697e-48     3.81714e-49        0.120911
       3     1.54268e-41     1.26169e-42       0.0817854
       4       1.174e-35     6.00351e-37       0.0511372
       5      7.6241e-30      3.0965e-31       0.0406146
       6     7.37177e-25     3.18917e-26        0.043262
       7     6.38982e-20     4.17359e-21       0.0653163
       8     1.56335e-15     1.42106e-16       0.0908984
       9     2.21238e-11     2.87008e-12        0.129728
      10      8.17091e-8      1.32698e-8        0.162403
      11     0.000265383      5.41774e-5        0.204148
      12       0.0907306        0.017958        0.197927

  ключевое: на ОДНОМ нижнем направлении ‖P·G·P‖ = 3.6504672e-56
            против λ[0] = 2.3059968e-55
    для сравнения: след полного Грама = 0.075832354
  P-M5 (‖P·G·P‖ ≤ 1e-50): ПОДТВЕРЖДЕНА

GLOWER_LOW_SPECTRUM_PREFLIGHT=P_M4_FAIL_P_M5_PASS
Диагностика, НЕ сертификат: интервальных границ инвариантного подпространства нет.
