GLOWER_NESTED_SCHUR_RESOLVENT_LOSS_AUDIT_480_960
  HEAD                : 3d3a513c0f8a5e15cbbdc9f914e5046a82cd8f9e
  self   docs/routeB_bus/phase4_scripts/glower_nested_schur_resolvent_audit.py
    sha256            : 17de92e466d4089142c72f8f644852666c91245c762a18fc337c40913d2a0771
  source docs/routeB_bus/phase1_scripts/ccm_control_cell_penalty.py
    sha256            : 1be57db69683652ed4f6d56dba6fc3b70c186f429fbb7f5bef978cd84f08ed0d
  m=13 · ODD · c₀=1e-58 · dps=400
  head = моды 1..70   mid = моды 71..480   out = моды 481..960

[1] odd-блок 960×960 построен за 180 с
[2] B_480 собран за 16 с
[4-5] C_out 480², R_out 480×70 за 24 с
[6-7] H_exact собран за 22 с
[3] B_960 собран напрямую за 104 с

[8] тождество B_480 − H_exact = B_960
    интервалы разности накрывают ноль везде : True
    наибольшая |разность| (середина)        : 0.000000e+00
    масштаб диагонали B_960                 : 4.735337e+00

[10] H_floor − H_exact ⪰ 0 ?
    interval_ldlt: INTERVAL_POSITIVE_DEFINITE

[11] обобщённые отношения (диагностика по серединам, dps=400)
    rho_exact = 0.2111402742   (min 1.85e-226)
    rho_floor = 1.049387747   (min 9.649e-226)
    за 203 с
    зарегистрированный прогноз вердикта: rho_exact ∈ [0.12, 0.30], rho_floor ≈ 1.049387747

[12-14] спектр B_480 и проецированные ОБОБЩЁННЫЕ нормы (dim 1..12)
     dim        λ[dim-1]     ‖P·H_exact·P‖     отношение
       1       2.306e-55       7.09828e-57     0.0307818
       2     3.15697e-48       7.30614e-50     0.0231429
       3     1.54268e-41       2.34522e-43     0.0152022
       4       1.174e-35       1.06935e-37    0.00910862
       5      7.6241e-30       5.37449e-32    0.00704935
       6     7.37177e-25       5.73478e-27    0.00777938
       7     6.38982e-20       7.89075e-22     0.0123489
       8     1.56335e-15       2.76419e-17     0.0176813
       9     2.21238e-11       5.67156e-13     0.0256355
      10      8.17091e-8        2.64295e-9     0.0323459
      11     0.000265383        1.08408e-5     0.0408497
      12       0.0907306        0.00360068     0.0396854

GLOWER_NESTED_SCHUR_AUDIT=CONSTANT_FLOOR_SURROGATE_KILLED_RESOLVENT_ROUTE_ALIVE
Диагностика по серединам для rho и проекций: интервальных границ обобщённых собственных значений здесь нет. Тождество [8] проверено интервально.
