PASS  C1a_conservativity_3m_lt_4rcert     3*257=771 < 780=4*195  =>  257/195 < 4/3
PASS  C1b_exact_margin_1_over_65          4/3 - 257/195 = 9/585 = 1/65
PASS  C2_positive_bands_inside_sliver     bands r=195..256: [257/(r+1), 257/r] subset of [1, 4/3)
PASS  C3a_crossing_band_r192              257/193 < 4/3 < 257/192
PASS  C3b_floor_id                        floor(m / (4/3)) = floor(192.75) = 192
PASS  C4a_teeth_inside_sliver             teeth a = 257/r, r=196..257, all in [1, 4/3)
PASS  C4b_buffer_bands_below_edge         bands 193,194 (eps=0) buffer the sliver boundary
PASS  C5_plant_A_5_4_detected             4*257=1028 > 975=5*195  =>  5/4 < 257/195: plant correctly rejected
PASS  C6_sliver_inside_unit_interval      A_edge^2 = 16/9 < 2 <= m  =>  4/3 < sqrt(m)
PASS  C7a_assembly_lower_edge             certified-nonneg band region starts at a = 257/195 < 4/3
PASS  C7b_junction_bracket                16 < sqrt(257) < 17; 033-band cover tops out exactly at a = sqrt(257), where the 027 upper-half region [sqrt(257), 257] begins
PASS  C8a_antiderivative                  d/du [u^(1/2-sigma)/(1/2-sigma)] = u^(-sigma-1/2)
PASS  C8b_endpoint_algebra                int_{1/lam}^{A/lam} u^(-sigma-1/2) du = lam^(sigma-1/2)(A^(1/2-sigma)-1)/(1/2-sigma)
PASS  C9a_correct_value_bracket           3^(3/4) >= 2 on the sliver => correct >= 1/6
PASS  C9b_plant_drop_du_over_u_fires      mutant <= 1/12 < 1/6 <= correct: strict exact separation, plant detected
PASS  C9c_plant_drop_lambda_factor_fires  (3/4)^4 = 81/256 >= 1/4 => 4^(-1/4) <= 3/4 < 1 while A^(1/2-s)-1 > 0: dropping lam^(sigma-1/2) changes a strictly positive value
PASS  C10a_zero_mass                      int_0^1 (t^2 - 1/3) dt = 0
PASS  C10b_star_identity                  S*_r = (r+1)/(6r) > 0 for every r, though Psi changes sign at 1/sqrt(3)
PASS  C10c_sign_change                    Psi(1/2) = -1/12 < 0 < 2/3 = Psi(1): interior zero is real
PASS  C11a_A_monotone                     d/dA RHS = lam^(sigma-1/2) A^(-sigma-1/2) > 0: replacing A_m by 4/3 >= A_m is safe
PASS  C11b_phi_prime_identity             phi'(x) = x c^x (ln c)^2 >= 0 and phi(0) = 0 => g(x) = (c^x-1)/x increasing
PASS  C11c_uniform_sigma_constant         sup_sigma g(1/2-sigma) = g(1/2) = 2(2/sqrt(3)-1) ~ 0.309401077 at sigma=0; sigma->1/2- limit ln(4/3) ~ 0.287682072
PASS  C12a_A_gt_43_still_finite           A_m = 2 violates A<=4/3, yet per-sigma product -> 0 as lam -> oo
PASS  C12b_BC_unbounded_still_finite      B_m/C_m = 1+ln(lam) violates B<=B0*C, yet per-sigma product -> 0
PASS  C13_crosswalk_exponent              sqrt(z/lam)|_{z=a/m, m=lam^2} = sqrt(a) lam^(-3/2): 033-contract and 034 scaled forms agree
PASS  C14_sharpness_equality              E0 = B sqrt(u) 1[u < A/lam] attains (034-edge) with equality: constant optimal
====================================================================================================
26/26 checks passed.
VERDICT: ALL_CHECKS_PASS (planted violations C5/C9 detected as required)
